2022-09-28 10:38:40.600 | SUCCESS  | __main__:main:14 - 
  ██████╗ ███╗   ███╗     ██╗██╗  ██╗    ██████╗ ██╗   ██╗███╗   ██╗███╗   ██╗███████╗██████╗ 
██╔════╝ ████╗ ████║     ██║██║ ██╔╝    ██╔══██╗██║   ██║████╗  ██║████╗  ██║██╔════╝██╔══██╗
██║  ███╗██╔████╔██║     ██║█████╔╝     ██████╔╝██║   ██║██╔██╗ ██║██╔██╗ ██║█████╗  ██████╔╝
██║   ██║██║╚██╔╝██║██   ██║██╔═██╗     ██╔══██╗██║   ██║██║╚██╗██║██║╚██╗██║██╔══╝  ██╔══██╗
╚██████╔╝██║ ╚═╝ ██║╚█████╔╝██║  ██╗    ██║  ██║╚██████╔╝██║ ╚████║██║ ╚████║███████╗██║  ██║
 ╚═════╝ ╚═╝     ╚═╝ ╚════╝ ╚═╝  ╚═╝    ╚═╝  ╚═╝ ╚═════╝ ╚═╝  ╚═══╝╚═╝  ╚═══╝╚══════╝╚═╝  ╚═╝
                                                                                                                                          
    
2022-09-28 10:38:40.734 | SUCCESS  | __main__:main:22 - server started success.        ✔
2022-09-28 10:38:42.876 | SUCCESS  | __main__:main:14 - 
  ██████╗ ███╗   ███╗     ██╗██╗  ██╗    ██████╗ ██╗   ██╗███╗   ██╗███╗   ██╗███████╗██████╗ 
██╔════╝ ████╗ ████║     ██║██║ ██╔╝    ██╔══██╗██║   ██║████╗  ██║████╗  ██║██╔════╝██╔══██╗
██║  ███╗██╔████╔██║     ██║█████╔╝     ██████╔╝██║   ██║██╔██╗ ██║██╔██╗ ██║█████╗  ██████╔╝
██║   ██║██║╚██╔╝██║██   ██║██╔═██╗     ██╔══██╗██║   ██║██║╚██╗██║██║╚██╗██║██╔══╝  ██╔══██╗
╚██████╔╝██║ ╚═╝ ██║╚█████╔╝██║  ██╗    ██║  ██║╚██████╔╝██║ ╚████║██║ ╚████║███████╗██║  ██║
 ╚═════╝ ╚═╝     ╚═╝ ╚════╝ ╚═╝  ╚═╝    ╚═╝  ╚═╝ ╚═════╝ ╚═╝  ╚═══╝╚═╝  ╚═══╝╚══════╝╚═╝  ╚═╝
                                                                                                                                          
    
2022-09-28 10:38:43.017 | SUCCESS  | __main__:main:22 - server started success.        ✔
2022-09-28 10:39:14.038 | INFO     | gm_api_automation.middleware.LogMiddleware:process_response:92 - POST http://127.0.0.1/updateTestSuits
2022-09-28 10:39:14.038 | INFO     | gm_api_automation.middleware.LogMiddleware:process_response:93 - 请求参数: {'id': '23', 'project': '41', 'cron': '', 'case_list': [44, 54], 'desc': ''}
2022-09-28 10:39:14.038 | INFO     | gm_api_automation.middleware.LogMiddleware:process_response:94 - 响应信息: {"code":200,"message":"测试套件不存在","success":false,"data":{}}
2022-09-28 10:40:03.646 | INFO     | gm_api_automation.middleware.LogMiddleware:process_response:92 - POST http://127.0.0.1/updateTestSuits
2022-09-28 10:40:03.647 | INFO     | gm_api_automation.middleware.LogMiddleware:process_response:93 - 请求参数: {'id': '34', 'project': '43', 'cron': '', 'case_list': [44, 54], 'desc': ''}
2022-09-28 10:40:03.647 | INFO     | gm_api_automation.middleware.LogMiddleware:process_response:94 - 响应信息: {"code":200,"message":"操作成功","success":true,"data":{"id":34,"created_time":"2022-09-26 15:32:31","updated_time":"2022-09-28 10:40:03","name":"test1","cron":"","priority":"P0","state":"未执行","desc":"","project":43,"case_list":[{"id":44,"name":"测试断言","request_method":"post","url":"https://gmjk-hcm-test.nhf.cn/api/gm-health-steward-platform/healthSteward/user/wjjGmOpenToken/login","is_delete":false,"status":"成功","response":"{'code': '1000', 'message': '接口调用成功', 'data': {'id': 437, 'accountNo': 'GM202205200956260000000305', 'healthStewardName': '王宋文', 'phoneNo': '17621525387', 'post': 1, 'remark': '测试', 'isDefaultHealthButler': 1, 'status': 1, 'onlineState': 20, 'updateUser': None, 'updateTime': '2022-09-27 16:43:41', 'roles': [{'roleCode': 'HWR000043', 'roleName': '全部权限'}], 'consultationTypeConfigList': [], 'conversationState': 10, 'onlineStateDuration': None, 'headImage': None, 'textConsultCapacity': 10, 'token': None, 'onlineStateStatisticsId': 9097}, 'extendOne': None, 'extendTwo': None, 'extendThree': None, 'success': True}"},{"id":54,"name":"测试断言1","request_method":"post","url":"https://gmjk-hcm-test.nhf.cn/api/gm-health-steward-platform/healthSteward/user/wjjGmOpenToken/login","is_delete":false,"status":"失败","response":"{'code': '1000', 'message': '接口调用成功', 'data': {'id': 437, 'accountNo': 'GM202205200956260000000305', 'healthStewardName': '王宋文', 'phoneNo': '17621525387', 'post': 1, 'remark': '测试', 'isDefaultHealthButler': 1, 'status': 1, 'onlineState': 20, 'updateUser': None, 'updateTime': '2022-09-27 16:42:54', 'roles': [{'roleCode': 'HWR000043', 'roleName': '全部权限'}], 'consultationTypeConfigList': [], 'conversationState': 10, 'onlineStateDuration': None, 'headImage': None, 'textConsultCapacity': 10, 'token': None, 'onlineStateStatisticsId': 9095}, 'extendOne': None, 'extendTwo': None, 'extendThree': None, 'success': True}"}]}}
2022-09-28 10:40:31.052 | INFO     | gm_api_automation.middleware.LogMiddleware:process_response:92 - POST http://127.0.0.1/updateTestSuits
2022-09-28 10:40:31.052 | INFO     | gm_api_automation.middleware.LogMiddleware:process_response:93 - 请求参数: {'id': '34', 'project': '43', 'cron': '11', 'case_list': [44, 54], 'desc': ''}
2022-09-28 10:40:31.052 | INFO     | gm_api_automation.middleware.LogMiddleware:process_response:94 - 响应信息: {"code":200,"message":"操作成功","success":true,"data":{"id":34,"created_time":"2022-09-26 15:32:31","updated_time":"2022-09-28 10:40:30","name":"test1","cron":"11","priority":"P0","state":"未执行","desc":"","project":43,"case_list":[{"id":44,"name":"测试断言","request_method":"post","url":"https://gmjk-hcm-test.nhf.cn/api/gm-health-steward-platform/healthSteward/user/wjjGmOpenToken/login","is_delete":false,"status":"成功","response":"{'code': '1000', 'message': '接口调用成功', 'data': {'id': 437, 'accountNo': 'GM202205200956260000000305', 'healthStewardName': '王宋文', 'phoneNo': '17621525387', 'post': 1, 'remark': '测试', 'isDefaultHealthButler': 1, 'status': 1, 'onlineState': 20, 'updateUser': None, 'updateTime': '2022-09-27 16:43:41', 'roles': [{'roleCode': 'HWR000043', 'roleName': '全部权限'}], 'consultationTypeConfigList': [], 'conversationState': 10, 'onlineStateDuration': None, 'headImage': None, 'textConsultCapacity': 10, 'token': None, 'onlineStateStatisticsId': 9097}, 'extendOne': None, 'extendTwo': None, 'extendThree': None, 'success': True}"},{"id":54,"name":"测试断言1","request_method":"post","url":"https://gmjk-hcm-test.nhf.cn/api/gm-health-steward-platform/healthSteward/user/wjjGmOpenToken/login","is_delete":false,"status":"失败","response":"{'code': '1000', 'message': '接口调用成功', 'data': {'id': 437, 'accountNo': 'GM202205200956260000000305', 'healthStewardName': '王宋文', 'phoneNo': '17621525387', 'post': 1, 'remark': '测试', 'isDefaultHealthButler': 1, 'status': 1, 'onlineState': 20, 'updateUser': None, 'updateTime': '2022-09-27 16:42:54', 'roles': [{'roleCode': 'HWR000043', 'roleName': '全部权限'}], 'consultationTypeConfigList': [], 'conversationState': 10, 'onlineStateDuration': None, 'headImage': None, 'textConsultCapacity': 10, 'token': None, 'onlineStateStatisticsId': 9095}, 'extendOne': None, 'extendTwo': None, 'extendThree': None, 'success': True}"}]}}
2022-09-28 10:40:45.861 | INFO     | gm_api_automation.middleware.LogMiddleware:process_response:92 - POST http://127.0.0.1/updateTestSuits
2022-09-28 10:40:45.861 | INFO     | gm_api_automation.middleware.LogMiddleware:process_response:93 - 请求参数: {'id': '34', 'project': '43', 'cron': '11', 'case_list': [44, 54, 25], 'desc': ''}
2022-09-28 10:40:45.861 | INFO     | gm_api_automation.middleware.LogMiddleware:process_response:94 - 响应信息: {"code":200,"message":"操作成功","success":true,"data":{"id":34,"created_time":"2022-09-26 15:32:31","updated_time":"2022-09-28 10:40:45","name":"test1","cron":"11","priority":"P0","state":"未执行","desc":"","project":43,"case_list":[{"id":44,"name":"测试断言","request_method":"post","url":"https://gmjk-hcm-test.nhf.cn/api/gm-health-steward-platform/healthSteward/user/wjjGmOpenToken/login","is_delete":false,"status":"成功","response":"{'code': '1000', 'message': '接口调用成功', 'data': {'id': 437, 'accountNo': 'GM202205200956260000000305', 'healthStewardName': '王宋文', 'phoneNo': '17621525387', 'post': 1, 'remark': '测试', 'isDefaultHealthButler': 1, 'status': 1, 'onlineState': 20, 'updateUser': None, 'updateTime': '2022-09-27 16:43:41', 'roles': [{'roleCode': 'HWR000043', 'roleName': '全部权限'}], 'consultationTypeConfigList': [], 'conversationState': 10, 'onlineStateDuration': None, 'headImage': None, 'textConsultCapacity': 10, 'token': None, 'onlineStateStatisticsId': 9097}, 'extendOne': None, 'extendTwo': None, 'extendThree': None, 'success': True}"},{"id":54,"name":"测试断言1","request_method":"post","url":"https://gmjk-hcm-test.nhf.cn/api/gm-health-steward-platform/healthSteward/user/wjjGmOpenToken/login","is_delete":false,"status":"失败","response":"{'code': '1000', 'message': '接口调用成功', 'data': {'id': 437, 'accountNo': 'GM202205200956260000000305', 'healthStewardName': '王宋文', 'phoneNo': '17621525387', 'post': 1, 'remark': '测试', 'isDefaultHealthButler': 1, 'status': 1, 'onlineState': 20, 'updateUser': None, 'updateTime': '2022-09-27 16:42:54', 'roles': [{'roleCode': 'HWR000043', 'roleName': '全部权限'}], 'consultationTypeConfigList': [], 'conversationState': 10, 'onlineStateDuration': None, 'headImage': None, 'textConsultCapacity': 10, 'token': None, 'onlineStateStatisticsId': 9095}, 'extendOne': None, 'extendTwo': None, 'extendThree': None, 'success': True}"}]}}
2022-09-28 16:55:20.854 | INFO     | gm_api_automation.middleware.LogMiddleware:process_response:89 - <WSGIRequest: GET '/getTestSuits?pageNo=1&pageSize=20'>
2022-09-28 16:55:37.364 | INFO     | gm_api_automation.middleware.LogMiddleware:process_response:89 - <WSGIRequest: GET '/getTestSuits?id=34&pageNo=1&pageSize=20'>
2022-09-28 16:55:55.966 | SUCCESS  | __main__:main:14 - 
  ██████╗ ███╗   ███╗     ██╗██╗  ██╗    ██████╗ ██╗   ██╗███╗   ██╗███╗   ██╗███████╗██████╗ 
██╔════╝ ████╗ ████║     ██║██║ ██╔╝    ██╔══██╗██║   ██║████╗  ██║████╗  ██║██╔════╝██╔══██╗
██║  ███╗██╔████╔██║     ██║█████╔╝     ██████╔╝██║   ██║██╔██╗ ██║██╔██╗ ██║█████╗  ██████╔╝
██║   ██║██║╚██╔╝██║██   ██║██╔═██╗     ██╔══██╗██║   ██║██║╚██╗██║██║╚██╗██║██╔══╝  ██╔══██╗
╚██████╔╝██║ ╚═╝ ██║╚█████╔╝██║  ██╗    ██║  ██║╚██████╔╝██║ ╚████║██║ ╚████║███████╗██║  ██║
 ╚═════╝ ╚═╝     ╚═╝ ╚════╝ ╚═╝  ╚═╝    ╚═╝  ╚═╝ ╚═════╝ ╚═╝  ╚═══╝╚═╝  ╚═══╝╚══════╝╚═╝  ╚═╝
                                                                                                                                          
    
2022-09-28 16:55:56.182 | SUCCESS  | __main__:main:22 - server started success.        ✔
2022-09-28 16:56:00.467 | INFO     | gm_api_automation.middleware.LogMiddleware:process_response:89 - <WSGIRequest: GET '/getTestSuits?id=34&pageNo=1&pageSize=20'>
2022-09-28 16:56:13.562 | INFO     | gm_api_automation.middleware.LogMiddleware:process_response:89 - <WSGIRequest: GET '/getTestSuits?id=34&pageNo=1&pageSize=20&project=41'>
2022-09-28 16:56:25.963 | SUCCESS  | __main__:main:14 - 
  ██████╗ ███╗   ███╗     ██╗██╗  ██╗    ██████╗ ██╗   ██╗███╗   ██╗███╗   ██╗███████╗██████╗ 
██╔════╝ ████╗ ████║     ██║██║ ██╔╝    ██╔══██╗██║   ██║████╗  ██║████╗  ██║██╔════╝██╔══██╗
██║  ███╗██╔████╔██║     ██║█████╔╝     ██████╔╝██║   ██║██╔██╗ ██║██╔██╗ ██║█████╗  ██████╔╝
██║   ██║██║╚██╔╝██║██   ██║██╔═██╗     ██╔══██╗██║   ██║██║╚██╗██║██║╚██╗██║██╔══╝  ██╔══██╗
╚██████╔╝██║ ╚═╝ ██║╚█████╔╝██║  ██╗    ██║  ██║╚██████╔╝██║ ╚████║██║ ╚████║███████╗██║  ██║
 ╚═════╝ ╚═╝     ╚═╝ ╚════╝ ╚═╝  ╚═╝    ╚═╝  ╚═╝ ╚═════╝ ╚═╝  ╚═══╝╚═╝  ╚═══╝╚══════╝╚═╝  ╚═╝
                                                                                                                                          
    
2022-09-28 16:56:26.055 | SUCCESS  | __main__:main:22 - server started success.        ✔
