2022-09-23 09:41:45.813 | SUCCESS  | __main__:main:14 - 
  ██████╗ ███╗   ███╗     ██╗██╗  ██╗    ██████╗ ██╗   ██╗███╗   ██╗███╗   ██╗███████╗██████╗ 
██╔════╝ ████╗ ████║     ██║██║ ██╔╝    ██╔══██╗██║   ██║████╗  ██║████╗  ██║██╔════╝██╔══██╗
██║  ███╗██╔████╔██║     ██║█████╔╝     ██████╔╝██║   ██║██╔██╗ ██║██╔██╗ ██║█████╗  ██████╔╝
██║   ██║██║╚██╔╝██║██   ██║██╔═██╗     ██╔══██╗██║   ██║██║╚██╗██║██║╚██╗██║██╔══╝  ██╔══██╗
╚██████╔╝██║ ╚═╝ ██║╚█████╔╝██║  ██╗    ██║  ██║╚██████╔╝██║ ╚████║██║ ╚████║███████╗██║  ██║
 ╚═════╝ ╚═╝     ╚═╝ ╚════╝ ╚═╝  ╚═╝    ╚═╝  ╚═╝ ╚═════╝ ╚═╝  ╚═══╝╚═╝  ╚═══╝╚══════╝╚═╝  ╚═╝
                                                                                                                                          
    
2022-09-23 09:41:45.858 | SUCCESS  | __main__:main:22 - server started success.        ✔
2022-09-23 09:42:45.197 | SUCCESS  | __main__:main:14 - 
  ██████╗ ███╗   ███╗     ██╗██╗  ██╗    ██████╗ ██╗   ██╗███╗   ██╗███╗   ██╗███████╗██████╗ 
██╔════╝ ████╗ ████║     ██║██║ ██╔╝    ██╔══██╗██║   ██║████╗  ██║████╗  ██║██╔════╝██╔══██╗
██║  ███╗██╔████╔██║     ██║█████╔╝     ██████╔╝██║   ██║██╔██╗ ██║██╔██╗ ██║█████╗  ██████╔╝
██║   ██║██║╚██╔╝██║██   ██║██╔═██╗     ██╔══██╗██║   ██║██║╚██╗██║██║╚██╗██║██╔══╝  ██╔══██╗
╚██████╔╝██║ ╚═╝ ██║╚█████╔╝██║  ██╗    ██║  ██║╚██████╔╝██║ ╚████║██║ ╚████║███████╗██║  ██║
 ╚═════╝ ╚═╝     ╚═╝ ╚════╝ ╚═╝  ╚═╝    ╚═╝  ╚═╝ ╚═════╝ ╚═╝  ╚═══╝╚═╝  ╚═══╝╚══════╝╚═╝  ╚═╝
                                                                                                                                          
    
2022-09-23 09:42:45.238 | SUCCESS  | __main__:main:22 - server started success.        ✔
2022-09-23 10:34:28.418 | SUCCESS  | __main__:main:14 - 
  ██████╗ ███╗   ███╗     ██╗██╗  ██╗    ██████╗ ██╗   ██╗███╗   ██╗███╗   ██╗███████╗██████╗ 
██╔════╝ ████╗ ████║     ██║██║ ██╔╝    ██╔══██╗██║   ██║████╗  ██║████╗  ██║██╔════╝██╔══██╗
██║  ███╗██╔████╔██║     ██║█████╔╝     ██████╔╝██║   ██║██╔██╗ ██║██╔██╗ ██║█████╗  ██████╔╝
██║   ██║██║╚██╔╝██║██   ██║██╔═██╗     ██╔══██╗██║   ██║██║╚██╗██║██║╚██╗██║██╔══╝  ██╔══██╗
╚██████╔╝██║ ╚═╝ ██║╚█████╔╝██║  ██╗    ██║  ██║╚██████╔╝██║ ╚████║██║ ╚████║███████╗██║  ██║
 ╚═════╝ ╚═╝     ╚═╝ ╚════╝ ╚═╝  ╚═╝    ╚═╝  ╚═╝ ╚═════╝ ╚═╝  ╚═══╝╚═╝  ╚═══╝╚══════╝╚═╝  ╚═╝
                                                                                                                                          
    
2022-09-23 10:34:28.460 | SUCCESS  | __main__:main:22 - server started success.        ✔
2022-09-23 10:34:53.855 | SUCCESS  | __main__:main:14 - 
  ██████╗ ███╗   ███╗     ██╗██╗  ██╗    ██████╗ ██╗   ██╗███╗   ██╗███╗   ██╗███████╗██████╗ 
██╔════╝ ████╗ ████║     ██║██║ ██╔╝    ██╔══██╗██║   ██║████╗  ██║████╗  ██║██╔════╝██╔══██╗
██║  ███╗██╔████╔██║     ██║█████╔╝     ██████╔╝██║   ██║██╔██╗ ██║██╔██╗ ██║█████╗  ██████╔╝
██║   ██║██║╚██╔╝██║██   ██║██╔═██╗     ██╔══██╗██║   ██║██║╚██╗██║██║╚██╗██║██╔══╝  ██╔══██╗
╚██████╔╝██║ ╚═╝ ██║╚█████╔╝██║  ██╗    ██║  ██║╚██████╔╝██║ ╚████║██║ ╚████║███████╗██║  ██║
 ╚═════╝ ╚═╝     ╚═╝ ╚════╝ ╚═╝  ╚═╝    ╚═╝  ╚═╝ ╚═════╝ ╚═╝  ╚═══╝╚═╝  ╚═══╝╚══════╝╚═╝  ╚═╝
                                                                                                                                          
    
2022-09-23 10:34:53.899 | SUCCESS  | __main__:main:22 - server started success.        ✔
2022-09-23 10:34:54.753 | SUCCESS  | __main__:main:14 - 
  ██████╗ ███╗   ███╗     ██╗██╗  ██╗    ██████╗ ██╗   ██╗███╗   ██╗███╗   ██╗███████╗██████╗ 
██╔════╝ ████╗ ████║     ██║██║ ██╔╝    ██╔══██╗██║   ██║████╗  ██║████╗  ██║██╔════╝██╔══██╗
██║  ███╗██╔████╔██║     ██║█████╔╝     ██████╔╝██║   ██║██╔██╗ ██║██╔██╗ ██║█████╗  ██████╔╝
██║   ██║██║╚██╔╝██║██   ██║██╔═██╗     ██╔══██╗██║   ██║██║╚██╗██║██║╚██╗██║██╔══╝  ██╔══██╗
╚██████╔╝██║ ╚═╝ ██║╚█████╔╝██║  ██╗    ██║  ██║╚██████╔╝██║ ╚████║██║ ╚████║███████╗██║  ██║
 ╚═════╝ ╚═╝     ╚═╝ ╚════╝ ╚═╝  ╚═╝    ╚═╝  ╚═╝ ╚═════╝ ╚═╝  ╚═══╝╚═╝  ╚═══╝╚══════╝╚═╝  ╚═╝
                                                                                                                                          
    
2022-09-23 10:34:54.792 | SUCCESS  | __main__:main:22 - server started success.        ✔
2022-09-23 10:35:01.784 | INFO     | gm_api_automation.middleware.LogMiddleware:process_response:89 - <WSGIRequest: GET '/getProjectDetail?id=41'>
2022-09-23 10:35:17.160 | INFO     | gm_api_automation.middleware.LogMiddleware:process_response:89 - <WSGIRequest: GET '/getProjectDetail?id=41'>
2022-09-23 11:19:35.173 | SUCCESS  | __main__:main:14 - 
  ██████╗ ███╗   ███╗     ██╗██╗  ██╗    ██████╗ ██╗   ██╗███╗   ██╗███╗   ██╗███████╗██████╗ 
██╔════╝ ████╗ ████║     ██║██║ ██╔╝    ██╔══██╗██║   ██║████╗  ██║████╗  ██║██╔════╝██╔══██╗
██║  ███╗██╔████╔██║     ██║█████╔╝     ██████╔╝██║   ██║██╔██╗ ██║██╔██╗ ██║█████╗  ██████╔╝
██║   ██║██║╚██╔╝██║██   ██║██╔═██╗     ██╔══██╗██║   ██║██║╚██╗██║██║╚██╗██║██╔══╝  ██╔══██╗
╚██████╔╝██║ ╚═╝ ██║╚█████╔╝██║  ██╗    ██║  ██║╚██████╔╝██║ ╚████║██║ ╚████║███████╗██║  ██║
 ╚═════╝ ╚═╝     ╚═╝ ╚════╝ ╚═╝  ╚═╝    ╚═╝  ╚═╝ ╚═════╝ ╚═╝  ╚═══╝╚═╝  ╚═══╝╚══════╝╚═╝  ╚═╝
                                                                                                                                          
    
2022-09-23 11:19:35.216 | SUCCESS  | __main__:main:22 - server started success.        ✔
2022-09-23 11:41:42.056 | SUCCESS  | __main__:main:14 - 
  ██████╗ ███╗   ███╗     ██╗██╗  ██╗    ██████╗ ██╗   ██╗███╗   ██╗███╗   ██╗███████╗██████╗ 
██╔════╝ ████╗ ████║     ██║██║ ██╔╝    ██╔══██╗██║   ██║████╗  ██║████╗  ██║██╔════╝██╔══██╗
██║  ███╗██╔████╔██║     ██║█████╔╝     ██████╔╝██║   ██║██╔██╗ ██║██╔██╗ ██║█████╗  ██████╔╝
██║   ██║██║╚██╔╝██║██   ██║██╔═██╗     ██╔══██╗██║   ██║██║╚██╗██║██║╚██╗██║██╔══╝  ██╔══██╗
╚██████╔╝██║ ╚═╝ ██║╚█████╔╝██║  ██╗    ██║  ██║╚██████╔╝██║ ╚████║██║ ╚████║███████╗██║  ██║
 ╚═════╝ ╚═╝     ╚═╝ ╚════╝ ╚═╝  ╚═╝    ╚═╝  ╚═╝ ╚═════╝ ╚═╝  ╚═══╝╚═╝  ╚═══╝╚══════╝╚═╝  ╚═╝
                                                                                                                                          
    
2022-09-23 11:41:42.103 | SUCCESS  | __main__:main:22 - server started success.        ✔
2022-09-23 15:00:12.369 | SUCCESS  | __main__:main:14 - 
  ██████╗ ███╗   ███╗     ██╗██╗  ██╗    ██████╗ ██╗   ██╗███╗   ██╗███╗   ██╗███████╗██████╗ 
██╔════╝ ████╗ ████║     ██║██║ ██╔╝    ██╔══██╗██║   ██║████╗  ██║████╗  ██║██╔════╝██╔══██╗
██║  ███╗██╔████╔██║     ██║█████╔╝     ██████╔╝██║   ██║██╔██╗ ██║██╔██╗ ██║█████╗  ██████╔╝
██║   ██║██║╚██╔╝██║██   ██║██╔═██╗     ██╔══██╗██║   ██║██║╚██╗██║██║╚██╗██║██╔══╝  ██╔══██╗
╚██████╔╝██║ ╚═╝ ██║╚█████╔╝██║  ██╗    ██║  ██║╚██████╔╝██║ ╚████║██║ ╚████║███████╗██║  ██║
 ╚═════╝ ╚═╝     ╚═╝ ╚════╝ ╚═╝  ╚═╝    ╚═╝  ╚═╝ ╚═════╝ ╚═╝  ╚═══╝╚═╝  ╚═══╝╚══════╝╚═╝  ╚═╝
                                                                                                                                          
    
2022-09-23 15:00:12.438 | SUCCESS  | __main__:main:22 - server started success.        ✔
2022-09-23 15:00:32.671 | SUCCESS  | __main__:main:14 - 
  ██████╗ ███╗   ███╗     ██╗██╗  ██╗    ██████╗ ██╗   ██╗███╗   ██╗███╗   ██╗███████╗██████╗ 
██╔════╝ ████╗ ████║     ██║██║ ██╔╝    ██╔══██╗██║   ██║████╗  ██║████╗  ██║██╔════╝██╔══██╗
██║  ███╗██╔████╔██║     ██║█████╔╝     ██████╔╝██║   ██║██╔██╗ ██║██╔██╗ ██║█████╗  ██████╔╝
██║   ██║██║╚██╔╝██║██   ██║██╔═██╗     ██╔══██╗██║   ██║██║╚██╗██║██║╚██╗██║██╔══╝  ██╔══██╗
╚██████╔╝██║ ╚═╝ ██║╚█████╔╝██║  ██╗    ██║  ██║╚██████╔╝██║ ╚████║██║ ╚████║███████╗██║  ██║
 ╚═════╝ ╚═╝     ╚═╝ ╚════╝ ╚═╝  ╚═╝    ╚═╝  ╚═╝ ╚═════╝ ╚═╝  ╚═══╝╚═╝  ╚═══╝╚══════╝╚═╝  ╚═╝
                                                                                                                                          
    
2022-09-23 15:00:32.713 | SUCCESS  | __main__:main:22 - server started success.        ✔
2022-09-23 15:01:51.715 | INFO     | gm_api_automation.middleware.LogMiddleware:process_response:92 - POST http://127.0.0.1/createrTestSuits
2022-09-23 15:01:51.716 | INFO     | gm_api_automation.middleware.LogMiddleware:process_response:93 - 请求参数: {'name': '套件名称', 'projects': '41', 'cron': '', 'priority': 'p0', 'env': '1', 'case_list': '[1,2,3]', 'state': '执行中', 'desc': '123'}
2022-09-23 15:01:51.716 | INFO     | gm_api_automation.middleware.LogMiddleware:process_response:94 - 响应信息: <!DOCTYPE html>
<html lang="en">
<head>
  <meta http-equiv="content-type" content="text/html; charset=utf-8">
  <title>Page not found at /createrTestSuits</title>
  <meta name="robots" content="NONE,NOARCHIVE">
  <style type="text/css">
    html * { padding:0; margin:0; }
    body * { padding:10px 20px; }
    body * * { padding:0; }
    body { font:small sans-serif; background:#eee; color:#000; }
    body>div { border-bottom:1px solid #ddd; }
    h1 { font-weight:normal; margin-bottom:.4em; }
    h1 span { font-size:60%; color:#666; font-weight:normal; }
    table { border:none; border-collapse: collapse; width:100%; }
    td, th { vertical-align:top; padding:2px 3px; }
    th { width:12em; text-align:right; color:#666; padding-right:.5em; }
    #info { background:#f6f6f6; }
    #info ol { margin: 0.5em 4em; }
    #info ol li { font-family: monospace; }
    #summary { background: #ffc; }
    #explanation { background:#eee; border-bottom: 0px none; }
    pre.exception_value { font-family: sans-serif; color: #575757; font-size: 1.5em; margin: 10px 0 10px 0; }
  </style>
</head>
<body>
  <div id="summary">
    <h1>Page not found <span>(404)</span></h1>
    
    <table class="meta">
      <tr>
        <th>Request Method:</th>
        <td>POST</td>
      </tr>
      <tr>
        <th>Request URL:</th>
        <td>http://127.0.0.1:8000/createrTestSuits</td>
      </tr>
      
    </table>
  </div>
  <div id="info">
    
      <p>
      Using the URLconf defined in <code>gm_api_automation.urls</code>,
      Django tried these URL patterns, in this order:
      </p>
      <ol>
        
          <li>
            
                user/login
                
            
          </li>
        
          <li>
            
                register
                
            
          </li>
        
          <li>
            
                
                
            
                createrProject
                
            
          </li>
        
          <li>
            
                
                
            
                getProject
                
            
          </li>
        
          <li>
            
                
                
            
                updateProject
                
            
          </li>
        
          <li>
            
                
                
            
                delProject
                
            
          </li>
        
          <li>
            
                
                
            
                getProjectDetail
                
            
          </li>
        
          <li>
            
                
                
            
                createrCaseDirectory
                
            
          </li>
        
          <li>
            
                
                
            
                getCaseDirectory
                
            
          </li>
        
          <li>
            
                
                
            
                updateCaseDirectory
                
            
          </li>
        
          <li>
            
                
                
            
                delCaseDirectory
                
            
          </li>
        
          <li>
            
                
                
            
                getCaseDirectoryDetail
                
            
          </li>
        
          <li>
            
                
                
            
                createrApi
                
            
          </li>
        
          <li>
            
                
                
            
                getApi
                
            
          </li>
        
          <li>
            
                
                
            
                getApiDetail
                
            
          </li>
        
          <li>
            
                
                
            
                updateApi
                
            
          </li>
        
          <li>
            
                
                
            
                delApi
                
            
          </li>
        
          <li>
            
                
                
            
                createrHosts
                
            
          </li>
        
          <li>
            
                
                
            
                getHosts
                
            
          </li>
        
          <li>
            
                
                
            
                getHostsDetail
                
            
          </li>
        
          <li>
            
                
                
            
                updateHosts
                
            
          </li>
        
          <li>
            
                
                
            
                delHosts
                
            
          </li>
        
          <li>
            
                
                
            
                runHttpRequest
                
            
          </li>
        
          <li>
            
                
                
            
                runCase
                
            
          </li>
        
          <li>
            
                docs
                
            
          </li>
        
          <li>
            
                ^swagger(?P&lt;format&gt;\.json|\.yaml)$
                [name='schema-json']
            
          </li>
        
          <li>
            
                swagger
                [name='schema-swagger-ui']
            
          </li>
        
          <li>
            
                redoc
                [name='schema-redoc']
            
          </li>
        
          <li>
            
                admin
                
            
          </li>
        
      </ol>
      <p>
        
          The current path, <code>createrTestSuits</code>,
        
        didn’t match any of these.
      </p>
    
  </div>

  <div id="explanation">
    <p>
      You’re seeing this error because you have <code>DEBUG = True</code> in
      your Django settings file. Change that to <code>False</code>, and Django
      will display a standard 404 page.
    </p>
  </div>
</body>
</html>

2022-09-23 15:02:49.874 | SUCCESS  | __main__:main:14 - 
  ██████╗ ███╗   ███╗     ██╗██╗  ██╗    ██████╗ ██╗   ██╗███╗   ██╗███╗   ██╗███████╗██████╗ 
██╔════╝ ████╗ ████║     ██║██║ ██╔╝    ██╔══██╗██║   ██║████╗  ██║████╗  ██║██╔════╝██╔══██╗
██║  ███╗██╔████╔██║     ██║█████╔╝     ██████╔╝██║   ██║██╔██╗ ██║██╔██╗ ██║█████╗  ██████╔╝
██║   ██║██║╚██╔╝██║██   ██║██╔═██╗     ██╔══██╗██║   ██║██║╚██╗██║██║╚██╗██║██╔══╝  ██╔══██╗
╚██████╔╝██║ ╚═╝ ██║╚█████╔╝██║  ██╗    ██║  ██║╚██████╔╝██║ ╚████║██║ ╚████║███████╗██║  ██║
 ╚═════╝ ╚═╝     ╚═╝ ╚════╝ ╚═╝  ╚═╝    ╚═╝  ╚═╝ ╚═════╝ ╚═╝  ╚═══╝╚═╝  ╚═══╝╚══════╝╚═╝  ╚═╝
                                                                                                                                          
    
2022-09-23 15:02:49.936 | SUCCESS  | __main__:main:22 - server started success.        ✔
2022-09-23 15:02:55.921 | INFO     | gm_api_automation.middleware.LogMiddleware:process_response:92 - POST http://127.0.0.1/createrTestSuits
2022-09-23 15:02:55.922 | INFO     | gm_api_automation.middleware.LogMiddleware:process_response:93 - 请求参数: {'name': '套件名称', 'projects': '41', 'cron': '', 'priority': 'p0', 'env': '1', 'case_list': '[1,2,3]', 'state': '执行中', 'desc': '123'}
2022-09-23 15:02:55.922 | INFO     | gm_api_automation.middleware.LogMiddleware:process_response:94 - 响应信息: {"code":401,"message":"Signature has expired.","success":false,"data":{}}
2022-09-23 15:03:08.277 | INFO     | gm_api_automation.middleware.LogMiddleware:process_response:92 - POST http://127.0.0.1/createrTestSuits
2022-09-23 15:03:08.277 | INFO     | gm_api_automation.middleware.LogMiddleware:process_response:93 - 请求参数: {'name': '套件名称', 'projects': '41', 'cron': '', 'priority': 'p0', 'env': '1', 'case_list': '[1,2,3]', 'state': '执行中', 'desc': '123'}
2022-09-23 15:03:08.277 | INFO     | gm_api_automation.middleware.LogMiddleware:process_response:94 - 响应信息: {"code":500,"message":"__init__() got an unexpected keyword argument 'allow_blank'","success":false,"data":{}}
2022-09-23 15:04:46.840 | SUCCESS  | __main__:main:14 - 
  ██████╗ ███╗   ███╗     ██╗██╗  ██╗    ██████╗ ██╗   ██╗███╗   ██╗███╗   ██╗███████╗██████╗ 
██╔════╝ ████╗ ████║     ██║██║ ██╔╝    ██╔══██╗██║   ██║████╗  ██║████╗  ██║██╔════╝██╔══██╗
██║  ███╗██╔████╔██║     ██║█████╔╝     ██████╔╝██║   ██║██╔██╗ ██║██╔██╗ ██║█████╗  ██████╔╝
██║   ██║██║╚██╔╝██║██   ██║██╔═██╗     ██╔══██╗██║   ██║██║╚██╗██║██║╚██╗██║██╔══╝  ██╔══██╗
╚██████╔╝██║ ╚═╝ ██║╚█████╔╝██║  ██╗    ██║  ██║╚██████╔╝██║ ╚████║██║ ╚████║███████╗██║  ██║
 ╚═════╝ ╚═╝     ╚═╝ ╚════╝ ╚═╝  ╚═╝    ╚═╝  ╚═╝ ╚═════╝ ╚═╝  ╚═══╝╚═╝  ╚═══╝╚══════╝╚═╝  ╚═╝
                                                                                                                                          
    
2022-09-23 15:04:46.892 | SUCCESS  | __main__:main:22 - server started success.        ✔
2022-09-23 15:04:52.341 | INFO     | gm_api_automation.middleware.LogMiddleware:process_response:92 - POST http://127.0.0.1/createrTestSuits
2022-09-23 15:04:52.341 | INFO     | gm_api_automation.middleware.LogMiddleware:process_response:93 - 请求参数: {'name': '套件名称', 'projects': '41', 'cron': '', 'priority': 'p0', 'env': '1', 'case_list': '[1,2,3]', 'state': '执行中', 'desc': '123'}
2022-09-23 15:04:52.341 | INFO     | gm_api_automation.middleware.LogMiddleware:process_response:94 - 响应信息: {"code":400,"message":"项目不能为空","success":false,"data":{}}
2022-09-23 15:05:13.002 | INFO     | gm_api_automation.middleware.LogMiddleware:process_response:92 - POST http://127.0.0.1/createrTestSuits
2022-09-23 15:05:13.003 | INFO     | gm_api_automation.middleware.LogMiddleware:process_response:93 - 请求参数: {'name': '套件名称', 'project': '41', 'cron': '', 'priority': 'p0', 'env': '1', 'case_list': '[1,2,3]', 'state': '执行中', 'desc': '123'}
2022-09-23 15:05:13.003 | INFO     | gm_api_automation.middleware.LogMiddleware:process_response:94 - 响应信息: {"code":200,"message":"测试套件创建成功","success":true,"data":{}}
2022-09-23 15:07:50.616 | INFO     | gm_api_automation.middleware.LogMiddleware:process_response:92 - POST http://127.0.0.1/createrTestSuits
2022-09-23 15:07:50.616 | INFO     | gm_api_automation.middleware.LogMiddleware:process_response:93 - 请求参数: {'name': '套件名称', 'project': '42', 'cron': '', 'priority': 'p0', 'env': '1', 'case_list': '[1,2,3]', 'state': '执行中', 'desc': '123'}
2022-09-23 15:07:50.616 | INFO     | gm_api_automation.middleware.LogMiddleware:process_response:94 - 响应信息: {"code":400,"message":"具有 套件名称 的 测试套件 已存在。","success":false,"data":{}}
2022-09-23 15:14:00.777 | SUCCESS  | __main__:main:14 - 
  ██████╗ ███╗   ███╗     ██╗██╗  ██╗    ██████╗ ██╗   ██╗███╗   ██╗███╗   ██╗███████╗██████╗ 
██╔════╝ ████╗ ████║     ██║██║ ██╔╝    ██╔══██╗██║   ██║████╗  ██║████╗  ██║██╔════╝██╔══██╗
██║  ███╗██╔████╔██║     ██║█████╔╝     ██████╔╝██║   ██║██╔██╗ ██║██╔██╗ ██║█████╗  ██████╔╝
██║   ██║██║╚██╔╝██║██   ██║██╔═██╗     ██╔══██╗██║   ██║██║╚██╗██║██║╚██╗██║██╔══╝  ██╔══██╗
╚██████╔╝██║ ╚═╝ ██║╚█████╔╝██║  ██╗    ██║  ██║╚██████╔╝██║ ╚████║██║ ╚████║███████╗██║  ██║
 ╚═════╝ ╚═╝     ╚═╝ ╚════╝ ╚═╝  ╚═╝    ╚═╝  ╚═╝ ╚═════╝ ╚═╝  ╚═══╝╚═╝  ╚═══╝╚══════╝╚═╝  ╚═╝
                                                                                                                                          
    
2022-09-23 15:14:00.829 | SUCCESS  | __main__:main:22 - server started success.        ✔
2022-09-23 15:14:42.122 | SUCCESS  | __main__:main:14 - 
  ██████╗ ███╗   ███╗     ██╗██╗  ██╗    ██████╗ ██╗   ██╗███╗   ██╗███╗   ██╗███████╗██████╗ 
██╔════╝ ████╗ ████║     ██║██║ ██╔╝    ██╔══██╗██║   ██║████╗  ██║████╗  ██║██╔════╝██╔══██╗
██║  ███╗██╔████╔██║     ██║█████╔╝     ██████╔╝██║   ██║██╔██╗ ██║██╔██╗ ██║█████╗  ██████╔╝
██║   ██║██║╚██╔╝██║██   ██║██╔═██╗     ██╔══██╗██║   ██║██║╚██╗██║██║╚██╗██║██╔══╝  ██╔══██╗
╚██████╔╝██║ ╚═╝ ██║╚█████╔╝██║  ██╗    ██║  ██║╚██████╔╝██║ ╚████║██║ ╚████║███████╗██║  ██║
 ╚═════╝ ╚═╝     ╚═╝ ╚════╝ ╚═╝  ╚═╝    ╚═╝  ╚═╝ ╚═════╝ ╚═╝  ╚═══╝╚═╝  ╚═══╝╚══════╝╚═╝  ╚═╝
                                                                                                                                          
    
2022-09-23 15:14:42.168 | SUCCESS  | __main__:main:22 - server started success.        ✔
2022-09-23 15:15:00.500 | SUCCESS  | __main__:main:14 - 
  ██████╗ ███╗   ███╗     ██╗██╗  ██╗    ██████╗ ██╗   ██╗███╗   ██╗███╗   ██╗███████╗██████╗ 
██╔════╝ ████╗ ████║     ██║██║ ██╔╝    ██╔══██╗██║   ██║████╗  ██║████╗  ██║██╔════╝██╔══██╗
██║  ███╗██╔████╔██║     ██║█████╔╝     ██████╔╝██║   ██║██╔██╗ ██║██╔██╗ ██║█████╗  ██████╔╝
██║   ██║██║╚██╔╝██║██   ██║██╔═██╗     ██╔══██╗██║   ██║██║╚██╗██║██║╚██╗██║██╔══╝  ██╔══██╗
╚██████╔╝██║ ╚═╝ ██║╚█████╔╝██║  ██╗    ██║  ██║╚██████╔╝██║ ╚████║██║ ╚████║███████╗██║  ██║
 ╚═════╝ ╚═╝     ╚═╝ ╚════╝ ╚═╝  ╚═╝    ╚═╝  ╚═╝ ╚═════╝ ╚═╝  ╚═══╝╚═╝  ╚═══╝╚══════╝╚═╝  ╚═╝
                                                                                                                                          
    
2022-09-23 15:15:00.543 | SUCCESS  | __main__:main:22 - server started success.        ✔
2022-09-23 15:15:12.666 | SUCCESS  | __main__:main:14 - 
  ██████╗ ███╗   ███╗     ██╗██╗  ██╗    ██████╗ ██╗   ██╗███╗   ██╗███╗   ██╗███████╗██████╗ 
██╔════╝ ████╗ ████║     ██║██║ ██╔╝    ██╔══██╗██║   ██║████╗  ██║████╗  ██║██╔════╝██╔══██╗
██║  ███╗██╔████╔██║     ██║█████╔╝     ██████╔╝██║   ██║██╔██╗ ██║██╔██╗ ██║█████╗  ██████╔╝
██║   ██║██║╚██╔╝██║██   ██║██╔═██╗     ██╔══██╗██║   ██║██║╚██╗██║██║╚██╗██║██╔══╝  ██╔══██╗
╚██████╔╝██║ ╚═╝ ██║╚█████╔╝██║  ██╗    ██║  ██║╚██████╔╝██║ ╚████║██║ ╚████║███████╗██║  ██║
 ╚═════╝ ╚═╝     ╚═╝ ╚════╝ ╚═╝  ╚═╝    ╚═╝  ╚═╝ ╚═════╝ ╚═╝  ╚═══╝╚═╝  ╚═══╝╚══════╝╚═╝  ╚═╝
                                                                                                                                          
    
2022-09-23 15:15:12.709 | SUCCESS  | __main__:main:22 - server started success.        ✔
2022-09-23 15:16:20.063 | SUCCESS  | __main__:main:14 - 
  ██████╗ ███╗   ███╗     ██╗██╗  ██╗    ██████╗ ██╗   ██╗███╗   ██╗███╗   ██╗███████╗██████╗ 
██╔════╝ ████╗ ████║     ██║██║ ██╔╝    ██╔══██╗██║   ██║████╗  ██║████╗  ██║██╔════╝██╔══██╗
██║  ███╗██╔████╔██║     ██║█████╔╝     ██████╔╝██║   ██║██╔██╗ ██║██╔██╗ ██║█████╗  ██████╔╝
██║   ██║██║╚██╔╝██║██   ██║██╔═██╗     ██╔══██╗██║   ██║██║╚██╗██║██║╚██╗██║██╔══╝  ██╔══██╗
╚██████╔╝██║ ╚═╝ ██║╚█████╔╝██║  ██╗    ██║  ██║╚██████╔╝██║ ╚████║██║ ╚████║███████╗██║  ██║
 ╚═════╝ ╚═╝     ╚═╝ ╚════╝ ╚═╝  ╚═╝    ╚═╝  ╚═╝ ╚═════╝ ╚═╝  ╚═══╝╚═╝  ╚═══╝╚══════╝╚═╝  ╚═╝
                                                                                                                                          
    
2022-09-23 15:16:20.106 | SUCCESS  | __main__:main:22 - server started success.        ✔
2022-09-23 15:16:31.416 | SUCCESS  | __main__:main:14 - 
  ██████╗ ███╗   ███╗     ██╗██╗  ██╗    ██████╗ ██╗   ██╗███╗   ██╗███╗   ██╗███████╗██████╗ 
██╔════╝ ████╗ ████║     ██║██║ ██╔╝    ██╔══██╗██║   ██║████╗  ██║████╗  ██║██╔════╝██╔══██╗
██║  ███╗██╔████╔██║     ██║█████╔╝     ██████╔╝██║   ██║██╔██╗ ██║██╔██╗ ██║█████╗  ██████╔╝
██║   ██║██║╚██╔╝██║██   ██║██╔═██╗     ██╔══██╗██║   ██║██║╚██╗██║██║╚██╗██║██╔══╝  ██╔══██╗
╚██████╔╝██║ ╚═╝ ██║╚█████╔╝██║  ██╗    ██║  ██║╚██████╔╝██║ ╚████║██║ ╚████║███████╗██║  ██║
 ╚═════╝ ╚═╝     ╚═╝ ╚════╝ ╚═╝  ╚═╝    ╚═╝  ╚═╝ ╚═════╝ ╚═╝  ╚═══╝╚═╝  ╚═══╝╚══════╝╚═╝  ╚═╝
                                                                                                                                          
    
2022-09-23 15:16:31.464 | SUCCESS  | __main__:main:22 - server started success.        ✔
2022-09-23 15:20:41.405 | SUCCESS  | __main__:main:14 - 
  ██████╗ ███╗   ███╗     ██╗██╗  ██╗    ██████╗ ██╗   ██╗███╗   ██╗███╗   ██╗███████╗██████╗ 
██╔════╝ ████╗ ████║     ██║██║ ██╔╝    ██╔══██╗██║   ██║████╗  ██║████╗  ██║██╔════╝██╔══██╗
██║  ███╗██╔████╔██║     ██║█████╔╝     ██████╔╝██║   ██║██╔██╗ ██║██╔██╗ ██║█████╗  ██████╔╝
██║   ██║██║╚██╔╝██║██   ██║██╔═██╗     ██╔══██╗██║   ██║██║╚██╗██║██║╚██╗██║██╔══╝  ██╔══██╗
╚██████╔╝██║ ╚═╝ ██║╚█████╔╝██║  ██╗    ██║  ██║╚██████╔╝██║ ╚████║██║ ╚████║███████╗██║  ██║
 ╚═════╝ ╚═╝     ╚═╝ ╚════╝ ╚═╝  ╚═╝    ╚═╝  ╚═╝ ╚═════╝ ╚═╝  ╚═══╝╚═╝  ╚═══╝╚══════╝╚═╝  ╚═╝
                                                                                                                                          
    
2022-09-23 15:20:41.458 | SUCCESS  | __main__:main:22 - server started success.        ✔
2022-09-23 15:22:29.393 | SUCCESS  | __main__:main:14 - 
  ██████╗ ███╗   ███╗     ██╗██╗  ██╗    ██████╗ ██╗   ██╗███╗   ██╗███╗   ██╗███████╗██████╗ 
██╔════╝ ████╗ ████║     ██║██║ ██╔╝    ██╔══██╗██║   ██║████╗  ██║████╗  ██║██╔════╝██╔══██╗
██║  ███╗██╔████╔██║     ██║█████╔╝     ██████╔╝██║   ██║██╔██╗ ██║██╔██╗ ██║█████╗  ██████╔╝
██║   ██║██║╚██╔╝██║██   ██║██╔═██╗     ██╔══██╗██║   ██║██║╚██╗██║██║╚██╗██║██╔══╝  ██╔══██╗
╚██████╔╝██║ ╚═╝ ██║╚█████╔╝██║  ██╗    ██║  ██║╚██████╔╝██║ ╚████║██║ ╚████║███████╗██║  ██║
 ╚═════╝ ╚═╝     ╚═╝ ╚════╝ ╚═╝  ╚═╝    ╚═╝  ╚═╝ ╚═════╝ ╚═╝  ╚═══╝╚═╝  ╚═══╝╚══════╝╚═╝  ╚═╝
                                                                                                                                          
    
2022-09-23 15:22:29.441 | SUCCESS  | __main__:main:22 - server started success.        ✔
2022-09-23 15:23:50.093 | SUCCESS  | __main__:main:14 - 
  ██████╗ ███╗   ███╗     ██╗██╗  ██╗    ██████╗ ██╗   ██╗███╗   ██╗███╗   ██╗███████╗██████╗ 
██╔════╝ ████╗ ████║     ██║██║ ██╔╝    ██╔══██╗██║   ██║████╗  ██║████╗  ██║██╔════╝██╔══██╗
██║  ███╗██╔████╔██║     ██║█████╔╝     ██████╔╝██║   ██║██╔██╗ ██║██╔██╗ ██║█████╗  ██████╔╝
██║   ██║██║╚██╔╝██║██   ██║██╔═██╗     ██╔══██╗██║   ██║██║╚██╗██║██║╚██╗██║██╔══╝  ██╔══██╗
╚██████╔╝██║ ╚═╝ ██║╚█████╔╝██║  ██╗    ██║  ██║╚██████╔╝██║ ╚████║██║ ╚████║███████╗██║  ██║
 ╚═════╝ ╚═╝     ╚═╝ ╚════╝ ╚═╝  ╚═╝    ╚═╝  ╚═╝ ╚═════╝ ╚═╝  ╚═══╝╚═╝  ╚═══╝╚══════╝╚═╝  ╚═╝
                                                                                                                                          
    
2022-09-23 15:23:50.134 | SUCCESS  | __main__:main:22 - server started success.        ✔
2022-09-23 15:24:18.343 | SUCCESS  | __main__:main:14 - 
  ██████╗ ███╗   ███╗     ██╗██╗  ██╗    ██████╗ ██╗   ██╗███╗   ██╗███╗   ██╗███████╗██████╗ 
██╔════╝ ████╗ ████║     ██║██║ ██╔╝    ██╔══██╗██║   ██║████╗  ██║████╗  ██║██╔════╝██╔══██╗
██║  ███╗██╔████╔██║     ██║█████╔╝     ██████╔╝██║   ██║██╔██╗ ██║██╔██╗ ██║█████╗  ██████╔╝
██║   ██║██║╚██╔╝██║██   ██║██╔═██╗     ██╔══██╗██║   ██║██║╚██╗██║██║╚██╗██║██╔══╝  ██╔══██╗
╚██████╔╝██║ ╚═╝ ██║╚█████╔╝██║  ██╗    ██║  ██║╚██████╔╝██║ ╚████║██║ ╚████║███████╗██║  ██║
 ╚═════╝ ╚═╝     ╚═╝ ╚════╝ ╚═╝  ╚═╝    ╚═╝  ╚═╝ ╚═════╝ ╚═╝  ╚═══╝╚═╝  ╚═══╝╚══════╝╚═╝  ╚═╝
                                                                                                                                          
    
2022-09-23 15:24:18.384 | SUCCESS  | __main__:main:22 - server started success.        ✔
2022-09-23 15:24:29.474 | SUCCESS  | __main__:main:14 - 
  ██████╗ ███╗   ███╗     ██╗██╗  ██╗    ██████╗ ██╗   ██╗███╗   ██╗███╗   ██╗███████╗██████╗ 
██╔════╝ ████╗ ████║     ██║██║ ██╔╝    ██╔══██╗██║   ██║████╗  ██║████╗  ██║██╔════╝██╔══██╗
██║  ███╗██╔████╔██║     ██║█████╔╝     ██████╔╝██║   ██║██╔██╗ ██║██╔██╗ ██║█████╗  ██████╔╝
██║   ██║██║╚██╔╝██║██   ██║██╔═██╗     ██╔══██╗██║   ██║██║╚██╗██║██║╚██╗██║██╔══╝  ██╔══██╗
╚██████╔╝██║ ╚═╝ ██║╚█████╔╝██║  ██╗    ██║  ██║╚██████╔╝██║ ╚████║██║ ╚████║███████╗██║  ██║
 ╚═════╝ ╚═╝     ╚═╝ ╚════╝ ╚═╝  ╚═╝    ╚═╝  ╚═╝ ╚═════╝ ╚═╝  ╚═══╝╚═╝  ╚═══╝╚══════╝╚═╝  ╚═╝
                                                                                                                                          
    
2022-09-23 15:24:29.514 | SUCCESS  | __main__:main:22 - server started success.        ✔
2022-09-23 15:26:53.484 | INFO     | gm_api_automation.middleware.LogMiddleware:process_response:92 - POST http://127.0.0.1/createrTestSuits
2022-09-23 15:26:53.484 | INFO     | gm_api_automation.middleware.LogMiddleware:process_response:93 - 请求参数: {'name': '套件名称', 'project': '42', 'cron': '', 'priority': 'p0', 'env': '1', 'case_list': '[1,2,3]', 'state': '执行中', 'desc': '123'}
2022-09-23 15:26:53.485 | INFO     | gm_api_automation.middleware.LogMiddleware:process_response:94 - 响应信息: {"code":400,"message":"该字段是必填项。","success":false,"data":{}}
2022-09-23 15:28:03.547 | SUCCESS  | __main__:main:14 - 
  ██████╗ ███╗   ███╗     ██╗██╗  ██╗    ██████╗ ██╗   ██╗███╗   ██╗███╗   ██╗███████╗██████╗ 
██╔════╝ ████╗ ████║     ██║██║ ██╔╝    ██╔══██╗██║   ██║████╗  ██║████╗  ██║██╔════╝██╔══██╗
██║  ███╗██╔████╔██║     ██║█████╔╝     ██████╔╝██║   ██║██╔██╗ ██║██╔██╗ ██║█████╗  ██████╔╝
██║   ██║██║╚██╔╝██║██   ██║██╔═██╗     ██╔══██╗██║   ██║██║╚██╗██║██║╚██╗██║██╔══╝  ██╔══██╗
╚██████╔╝██║ ╚═╝ ██║╚█████╔╝██║  ██╗    ██║  ██║╚██████╔╝██║ ╚████║██║ ╚████║███████╗██║  ██║
 ╚═════╝ ╚═╝     ╚═╝ ╚════╝ ╚═╝  ╚═╝    ╚═╝  ╚═╝ ╚═════╝ ╚═╝  ╚═══╝╚═╝  ╚═══╝╚══════╝╚═╝  ╚═╝
                                                                                                                                          
    
2022-09-23 15:28:03.614 | SUCCESS  | __main__:main:22 - server started success.        ✔
2022-09-23 15:28:13.543 | SUCCESS  | __main__:main:14 - 
  ██████╗ ███╗   ███╗     ██╗██╗  ██╗    ██████╗ ██╗   ██╗███╗   ██╗███╗   ██╗███████╗██████╗ 
██╔════╝ ████╗ ████║     ██║██║ ██╔╝    ██╔══██╗██║   ██║████╗  ██║████╗  ██║██╔════╝██╔══██╗
██║  ███╗██╔████╔██║     ██║█████╔╝     ██████╔╝██║   ██║██╔██╗ ██║██╔██╗ ██║█████╗  ██████╔╝
██║   ██║██║╚██╔╝██║██   ██║██╔═██╗     ██╔══██╗██║   ██║██║╚██╗██║██║╚██╗██║██╔══╝  ██╔══██╗
╚██████╔╝██║ ╚═╝ ██║╚█████╔╝██║  ██╗    ██║  ██║╚██████╔╝██║ ╚████║██║ ╚████║███████╗██║  ██║
 ╚═════╝ ╚═╝     ╚═╝ ╚════╝ ╚═╝  ╚═╝    ╚═╝  ╚═╝ ╚═════╝ ╚═╝  ╚═══╝╚═╝  ╚═══╝╚══════╝╚═╝  ╚═╝
                                                                                                                                          
    
2022-09-23 15:28:13.701 | SUCCESS  | __main__:main:22 - server started success.        ✔
2022-09-23 15:28:15.785 | SUCCESS  | __main__:main:14 - 
  ██████╗ ███╗   ███╗     ██╗██╗  ██╗    ██████╗ ██╗   ██╗███╗   ██╗███╗   ██╗███████╗██████╗ 
██╔════╝ ████╗ ████║     ██║██║ ██╔╝    ██╔══██╗██║   ██║████╗  ██║████╗  ██║██╔════╝██╔══██╗
██║  ███╗██╔████╔██║     ██║█████╔╝     ██████╔╝██║   ██║██╔██╗ ██║██╔██╗ ██║█████╗  ██████╔╝
██║   ██║██║╚██╔╝██║██   ██║██╔═██╗     ██╔══██╗██║   ██║██║╚██╗██║██║╚██╗██║██╔══╝  ██╔══██╗
╚██████╔╝██║ ╚═╝ ██║╚█████╔╝██║  ██╗    ██║  ██║╚██████╔╝██║ ╚████║██║ ╚████║███████╗██║  ██║
 ╚═════╝ ╚═╝     ╚═╝ ╚════╝ ╚═╝  ╚═╝    ╚═╝  ╚═╝ ╚═════╝ ╚═╝  ╚═══╝╚═╝  ╚═══╝╚══════╝╚═╝  ╚═╝
                                                                                                                                          
    
2022-09-23 15:28:15.890 | SUCCESS  | __main__:main:22 - server started success.        ✔
2022-09-23 15:28:18.697 | INFO     | gm_api_automation.middleware.LogMiddleware:process_response:92 - POST http://127.0.0.1/createrTestSuits
2022-09-23 15:28:18.698 | INFO     | gm_api_automation.middleware.LogMiddleware:process_response:93 - 请求参数: {'name': '套件名称', 'project': '42', 'cron': '', 'priority': 'p0', 'env': '1', 'case_list': '[1,2,3]', 'state': '执行中', 'desc': '123'}
2022-09-23 15:28:18.698 | INFO     | gm_api_automation.middleware.LogMiddleware:process_response:94 - 响应信息: {"code":400,"message":"该字段是必填项。","success":false,"data":{}}
2022-09-23 15:29:46.316 | SUCCESS  | __main__:main:14 - 
  ██████╗ ███╗   ███╗     ██╗██╗  ██╗    ██████╗ ██╗   ██╗███╗   ██╗███╗   ██╗███████╗██████╗ 
██╔════╝ ████╗ ████║     ██║██║ ██╔╝    ██╔══██╗██║   ██║████╗  ██║████╗  ██║██╔════╝██╔══██╗
██║  ███╗██╔████╔██║     ██║█████╔╝     ██████╔╝██║   ██║██╔██╗ ██║██╔██╗ ██║█████╗  ██████╔╝
██║   ██║██║╚██╔╝██║██   ██║██╔═██╗     ██╔══██╗██║   ██║██║╚██╗██║██║╚██╗██║██╔══╝  ██╔══██╗
╚██████╔╝██║ ╚═╝ ██║╚█████╔╝██║  ██╗    ██║  ██║╚██████╔╝██║ ╚████║██║ ╚████║███████╗██║  ██║
 ╚═════╝ ╚═╝     ╚═╝ ╚════╝ ╚═╝  ╚═╝    ╚═╝  ╚═╝ ╚═════╝ ╚═╝  ╚═══╝╚═╝  ╚═══╝╚══════╝╚═╝  ╚═╝
                                                                                                                                          
    
2022-09-23 15:29:46.400 | SUCCESS  | __main__:main:22 - server started success.        ✔
2022-09-23 15:29:51.789 | INFO     | gm_api_automation.middleware.LogMiddleware:process_response:92 - POST http://127.0.0.1/createrTestSuits
2022-09-23 15:29:51.790 | INFO     | gm_api_automation.middleware.LogMiddleware:process_response:93 - 请求参数: {'name': '套件名称', 'project': '42', 'cron': '', 'priority': 'p0', 'env': '1', 'case_list': '[1,2,3]', 'state': '执行中', 'desc': '123'}
2022-09-23 15:29:51.790 | INFO     | gm_api_automation.middleware.LogMiddleware:process_response:94 - 响应信息: {"code":500,"message":"(\"Creating a ModelSerializer without either the 'fields' attribute or the 'exclude' attribute has been deprecated since 3.3.0, and is now disallowed. Add an explicit fields = '__all__' to the TestSuitSerializer serializer.\",)","success":false,"data":{}}
2022-09-23 15:30:12.771 | SUCCESS  | __main__:main:14 - 
  ██████╗ ███╗   ███╗     ██╗██╗  ██╗    ██████╗ ██╗   ██╗███╗   ██╗███╗   ██╗███████╗██████╗ 
██╔════╝ ████╗ ████║     ██║██║ ██╔╝    ██╔══██╗██║   ██║████╗  ██║████╗  ██║██╔════╝██╔══██╗
██║  ███╗██╔████╔██║     ██║█████╔╝     ██████╔╝██║   ██║██╔██╗ ██║██╔██╗ ██║█████╗  ██████╔╝
██║   ██║██║╚██╔╝██║██   ██║██╔═██╗     ██╔══██╗██║   ██║██║╚██╗██║██║╚██╗██║██╔══╝  ██╔══██╗
╚██████╔╝██║ ╚═╝ ██║╚█████╔╝██║  ██╗    ██║  ██║╚██████╔╝██║ ╚████║██║ ╚████║███████╗██║  ██║
 ╚═════╝ ╚═╝     ╚═╝ ╚════╝ ╚═╝  ╚═╝    ╚═╝  ╚═╝ ╚═════╝ ╚═╝  ╚═══╝╚═╝  ╚═══╝╚══════╝╚═╝  ╚═╝
                                                                                                                                          
    
2022-09-23 15:30:12.878 | SUCCESS  | __main__:main:22 - server started success.        ✔
2022-09-23 15:31:02.944 | SUCCESS  | __main__:main:14 - 
  ██████╗ ███╗   ███╗     ██╗██╗  ██╗    ██████╗ ██╗   ██╗███╗   ██╗███╗   ██╗███████╗██████╗ 
██╔════╝ ████╗ ████║     ██║██║ ██╔╝    ██╔══██╗██║   ██║████╗  ██║████╗  ██║██╔════╝██╔══██╗
██║  ███╗██╔████╔██║     ██║█████╔╝     ██████╔╝██║   ██║██╔██╗ ██║██╔██╗ ██║█████╗  ██████╔╝
██║   ██║██║╚██╔╝██║██   ██║██╔═██╗     ██╔══██╗██║   ██║██║╚██╗██║██║╚██╗██║██╔══╝  ██╔══██╗
╚██████╔╝██║ ╚═╝ ██║╚█████╔╝██║  ██╗    ██║  ██║╚██████╔╝██║ ╚████║██║ ╚████║███████╗██║  ██║
 ╚═════╝ ╚═╝     ╚═╝ ╚════╝ ╚═╝  ╚═╝    ╚═╝  ╚═╝ ╚═════╝ ╚═╝  ╚═══╝╚═╝  ╚═══╝╚══════╝╚═╝  ╚═╝
                                                                                                                                          
    
2022-09-23 15:31:03.065 | SUCCESS  | __main__:main:22 - server started success.        ✔
2022-09-23 15:32:02.974 | SUCCESS  | __main__:main:14 - 
  ██████╗ ███╗   ███╗     ██╗██╗  ██╗    ██████╗ ██╗   ██╗███╗   ██╗███╗   ██╗███████╗██████╗ 
██╔════╝ ████╗ ████║     ██║██║ ██╔╝    ██╔══██╗██║   ██║████╗  ██║████╗  ██║██╔════╝██╔══██╗
██║  ███╗██╔████╔██║     ██║█████╔╝     ██████╔╝██║   ██║██╔██╗ ██║██╔██╗ ██║█████╗  ██████╔╝
██║   ██║██║╚██╔╝██║██   ██║██╔═██╗     ██╔══██╗██║   ██║██║╚██╗██║██║╚██╗██║██╔══╝  ██╔══██╗
╚██████╔╝██║ ╚═╝ ██║╚█████╔╝██║  ██╗    ██║  ██║╚██████╔╝██║ ╚████║██║ ╚████║███████╗██║  ██║
 ╚═════╝ ╚═╝     ╚═╝ ╚════╝ ╚═╝  ╚═╝    ╚═╝  ╚═╝ ╚═════╝ ╚═╝  ╚═══╝╚═╝  ╚═══╝╚══════╝╚═╝  ╚═╝
                                                                                                                                          
    
2022-09-23 15:32:03.121 | SUCCESS  | __main__:main:22 - server started success.        ✔
2022-09-23 15:32:05.076 | SUCCESS  | __main__:main:14 - 
  ██████╗ ███╗   ███╗     ██╗██╗  ██╗    ██████╗ ██╗   ██╗███╗   ██╗███╗   ██╗███████╗██████╗ 
██╔════╝ ████╗ ████║     ██║██║ ██╔╝    ██╔══██╗██║   ██║████╗  ██║████╗  ██║██╔════╝██╔══██╗
██║  ███╗██╔████╔██║     ██║█████╔╝     ██████╔╝██║   ██║██╔██╗ ██║██╔██╗ ██║█████╗  ██████╔╝
██║   ██║██║╚██╔╝██║██   ██║██╔═██╗     ██╔══██╗██║   ██║██║╚██╗██║██║╚██╗██║██╔══╝  ██╔══██╗
╚██████╔╝██║ ╚═╝ ██║╚█████╔╝██║  ██╗    ██║  ██║╚██████╔╝██║ ╚████║██║ ╚████║███████╗██║  ██║
 ╚═════╝ ╚═╝     ╚═╝ ╚════╝ ╚═╝  ╚═╝    ╚═╝  ╚═╝ ╚═════╝ ╚═╝  ╚═══╝╚═╝  ╚═══╝╚══════╝╚═╝  ╚═╝
                                                                                                                                          
    
2022-09-23 15:32:05.179 | SUCCESS  | __main__:main:22 - server started success.        ✔
2022-09-23 15:33:42.439 | SUCCESS  | __main__:main:14 - 
  ██████╗ ███╗   ███╗     ██╗██╗  ██╗    ██████╗ ██╗   ██╗███╗   ██╗███╗   ██╗███████╗██████╗ 
██╔════╝ ████╗ ████║     ██║██║ ██╔╝    ██╔══██╗██║   ██║████╗  ██║████╗  ██║██╔════╝██╔══██╗
██║  ███╗██╔████╔██║     ██║█████╔╝     ██████╔╝██║   ██║██╔██╗ ██║██╔██╗ ██║█████╗  ██████╔╝
██║   ██║██║╚██╔╝██║██   ██║██╔═██╗     ██╔══██╗██║   ██║██║╚██╗██║██║╚██╗██║██╔══╝  ██╔══██╗
╚██████╔╝██║ ╚═╝ ██║╚█████╔╝██║  ██╗    ██║  ██║╚██████╔╝██║ ╚████║██║ ╚████║███████╗██║  ██║
 ╚═════╝ ╚═╝     ╚═╝ ╚════╝ ╚═╝  ╚═╝    ╚═╝  ╚═╝ ╚═════╝ ╚═╝  ╚═══╝╚═╝  ╚═══╝╚══════╝╚═╝  ╚═╝
                                                                                                                                          
    
2022-09-23 15:33:42.516 | SUCCESS  | __main__:main:22 - server started success.        ✔
2022-09-23 15:36:04.253 | INFO     | gm_api_automation.middleware.LogMiddleware:process_response:84 - 耗时大于6秒的日志：{'time': '2022-09-23 15:35:08', 'url': '/createrTestSuits', 'method': 'POST', 'ip': '127.0.0.1', 'body': {'name': '套件名称', 'project': '42', 'cron': '', 'priority': 'p0', 'env': '1', 'case_list': '[1,2,3]', 'state': '执行中', 'desc': '123'}, 'user': <User: admin>, 'protocol': 'http', 'response': '{"code":200,"message":"测试套件创建成功","success":true,"data":{}}', 'access_time': 55921}
2022-09-23 15:36:04.253 | INFO     | gm_api_automation.middleware.LogMiddleware:process_response:92 - POST http://127.0.0.1/createrTestSuits
2022-09-23 15:36:04.254 | INFO     | gm_api_automation.middleware.LogMiddleware:process_response:93 - 请求参数: {'name': '套件名称', 'project': '42', 'cron': '', 'priority': 'p0', 'env': '1', 'case_list': '[1,2,3]', 'state': '执行中', 'desc': '123'}
2022-09-23 15:36:04.254 | INFO     | gm_api_automation.middleware.LogMiddleware:process_response:94 - 响应信息: {"code":200,"message":"测试套件创建成功","success":true,"data":{}}
2022-09-23 15:36:10.384 | SUCCESS  | __main__:main:14 - 
  ██████╗ ███╗   ███╗     ██╗██╗  ██╗    ██████╗ ██╗   ██╗███╗   ██╗███╗   ██╗███████╗██████╗ 
██╔════╝ ████╗ ████║     ██║██║ ██╔╝    ██╔══██╗██║   ██║████╗  ██║████╗  ██║██╔════╝██╔══██╗
██║  ███╗██╔████╔██║     ██║█████╔╝     ██████╔╝██║   ██║██╔██╗ ██║██╔██╗ ██║█████╗  ██████╔╝
██║   ██║██║╚██╔╝██║██   ██║██╔═██╗     ██╔══██╗██║   ██║██║╚██╗██║██║╚██╗██║██╔══╝  ██╔══██╗
╚██████╔╝██║ ╚═╝ ██║╚█████╔╝██║  ██╗    ██║  ██║╚██████╔╝██║ ╚████║██║ ╚████║███████╗██║  ██║
 ╚═════╝ ╚═╝     ╚═╝ ╚════╝ ╚═╝  ╚═╝    ╚═╝  ╚═╝ ╚═════╝ ╚═╝  ╚═══╝╚═╝  ╚═══╝╚══════╝╚═╝  ╚═╝
                                                                                                                                          
    
2022-09-23 15:36:10.540 | SUCCESS  | __main__:main:22 - server started success.        ✔
2022-09-23 15:36:12.943 | SUCCESS  | __main__:main:14 - 
  ██████╗ ███╗   ███╗     ██╗██╗  ██╗    ██████╗ ██╗   ██╗███╗   ██╗███╗   ██╗███████╗██████╗ 
██╔════╝ ████╗ ████║     ██║██║ ██╔╝    ██╔══██╗██║   ██║████╗  ██║████╗  ██║██╔════╝██╔══██╗
██║  ███╗██╔████╔██║     ██║█████╔╝     ██████╔╝██║   ██║██╔██╗ ██║██╔██╗ ██║█████╗  ██████╔╝
██║   ██║██║╚██╔╝██║██   ██║██╔═██╗     ██╔══██╗██║   ██║██║╚██╗██║██║╚██╗██║██╔══╝  ██╔══██╗
╚██████╔╝██║ ╚═╝ ██║╚█████╔╝██║  ██╗    ██║  ██║╚██████╔╝██║ ╚████║██║ ╚████║███████╗██║  ██║
 ╚═════╝ ╚═╝     ╚═╝ ╚════╝ ╚═╝  ╚═╝    ╚═╝  ╚═╝ ╚═════╝ ╚═╝  ╚═══╝╚═╝  ╚═══╝╚══════╝╚═╝  ╚═╝
                                                                                                                                          
    
2022-09-23 15:36:13.045 | SUCCESS  | __main__:main:22 - server started success.        ✔
2022-09-23 15:37:09.628 | INFO     | gm_api_automation.middleware.LogMiddleware:process_response:84 - 耗时大于6秒的日志：{'time': '2022-09-23 15:36:51', 'url': '/createrTestSuits', 'method': 'POST', 'ip': '127.0.0.1', 'body': {'name': '套件名称', 'project': '42', 'cron': '', 'priority': 'p0', 'env': '1', 'case_list': '[1,2,3]', 'state': '执行中', 'desc': '123'}, 'user': <User: admin>, 'protocol': 'http', 'response': '{"code":400,"message":"该项目下已存在相同名称的套件","success":false,"data":{}}', 'access_time': 18273}
2022-09-23 15:37:09.629 | INFO     | gm_api_automation.middleware.LogMiddleware:process_response:92 - POST http://127.0.0.1/createrTestSuits
2022-09-23 15:37:09.629 | INFO     | gm_api_automation.middleware.LogMiddleware:process_response:93 - 请求参数: {'name': '套件名称', 'project': '42', 'cron': '', 'priority': 'p0', 'env': '1', 'case_list': '[1,2,3]', 'state': '执行中', 'desc': '123'}
2022-09-23 15:37:09.629 | INFO     | gm_api_automation.middleware.LogMiddleware:process_response:94 - 响应信息: {"code":400,"message":"该项目下已存在相同名称的套件","success":false,"data":{}}
2022-09-23 15:38:15.913 | INFO     | gm_api_automation.middleware.LogMiddleware:process_response:92 - POST http://127.0.0.1/createrTestSuits
2022-09-23 15:38:15.914 | INFO     | gm_api_automation.middleware.LogMiddleware:process_response:93 - 请求参数: {'name': '套件名称', 'project': '43', 'cron': '', 'priority': 'p0', 'env': '1', 'case_list': '[1,2,3]', 'state': '执行中', 'desc': '123'}
2022-09-23 15:38:15.914 | INFO     | gm_api_automation.middleware.LogMiddleware:process_response:94 - 响应信息: {"code":200,"message":"测试套件创建成功","success":true,"data":{}}
2022-09-23 15:41:44.158 | SUCCESS  | __main__:main:14 - 
  ██████╗ ███╗   ███╗     ██╗██╗  ██╗    ██████╗ ██╗   ██╗███╗   ██╗███╗   ██╗███████╗██████╗ 
██╔════╝ ████╗ ████║     ██║██║ ██╔╝    ██╔══██╗██║   ██║████╗  ██║████╗  ██║██╔════╝██╔══██╗
██║  ███╗██╔████╔██║     ██║█████╔╝     ██████╔╝██║   ██║██╔██╗ ██║██╔██╗ ██║█████╗  ██████╔╝
██║   ██║██║╚██╔╝██║██   ██║██╔═██╗     ██╔══██╗██║   ██║██║╚██╗██║██║╚██╗██║██╔══╝  ██╔══██╗
╚██████╔╝██║ ╚═╝ ██║╚█████╔╝██║  ██╗    ██║  ██║╚██████╔╝██║ ╚████║██║ ╚████║███████╗██║  ██║
 ╚═════╝ ╚═╝     ╚═╝ ╚════╝ ╚═╝  ╚═╝    ╚═╝  ╚═╝ ╚═════╝ ╚═╝  ╚═══╝╚═╝  ╚═══╝╚══════╝╚═╝  ╚═╝
                                                                                                                                          
    
2022-09-23 15:41:44.235 | SUCCESS  | __main__:main:22 - server started success.        ✔
2022-09-23 15:41:48.407 | INFO     | gm_api_automation.middleware.LogMiddleware:process_response:92 - POST http://127.0.0.1/createrTestSuits
2022-09-23 15:41:48.408 | INFO     | gm_api_automation.middleware.LogMiddleware:process_response:93 - 请求参数: {'name': '套件名称', 'project': '43', 'cron': '', 'priority': 'p0', 'env': '1', 'case_list': '[1,2,3]', 'state': '执行中', 'desc': '123'}
2022-09-23 15:41:48.408 | INFO     | gm_api_automation.middleware.LogMiddleware:process_response:94 - 响应信息: {"code":400,"message":"该项目下已存在相同名称的套件","success":false,"data":{}}
2022-09-23 15:41:59.498 | INFO     | gm_api_automation.middleware.LogMiddleware:process_response:92 - POST http://127.0.0.1/createrTestSuits
2022-09-23 15:41:59.498 | INFO     | gm_api_automation.middleware.LogMiddleware:process_response:93 - 请求参数: {'name': '套件名称', 'project': '42', 'cron': '', 'priority': 'p0', 'env': '1', 'case_list': '[1,2,3]', 'state': '执行中', 'desc': '123'}
2022-09-23 15:41:59.498 | INFO     | gm_api_automation.middleware.LogMiddleware:process_response:94 - 响应信息: {"code":400,"message":"该项目下已存在相同名称的套件","success":false,"data":{}}
2022-09-23 15:42:01.930 | INFO     | gm_api_automation.middleware.LogMiddleware:process_response:92 - POST http://127.0.0.1/createrTestSuits
2022-09-23 15:42:01.931 | INFO     | gm_api_automation.middleware.LogMiddleware:process_response:93 - 请求参数: {'name': '套件名称', 'project': '42', 'cron': '', 'priority': 'p0', 'env': '1', 'case_list': '[1,2,3]', 'state': '执行中', 'desc': '123'}
2022-09-23 15:42:01.931 | INFO     | gm_api_automation.middleware.LogMiddleware:process_response:94 - 响应信息: {"code":400,"message":"该项目下已存在相同名称的套件","success":false,"data":{}}
2022-09-23 15:42:33.944 | SUCCESS  | __main__:main:14 - 
  ██████╗ ███╗   ███╗     ██╗██╗  ██╗    ██████╗ ██╗   ██╗███╗   ██╗███╗   ██╗███████╗██████╗ 
██╔════╝ ████╗ ████║     ██║██║ ██╔╝    ██╔══██╗██║   ██║████╗  ██║████╗  ██║██╔════╝██╔══██╗
██║  ███╗██╔████╔██║     ██║█████╔╝     ██████╔╝██║   ██║██╔██╗ ██║██╔██╗ ██║█████╗  ██████╔╝
██║   ██║██║╚██╔╝██║██   ██║██╔═██╗     ██╔══██╗██║   ██║██║╚██╗██║██║╚██╗██║██╔══╝  ██╔══██╗
╚██████╔╝██║ ╚═╝ ██║╚█████╔╝██║  ██╗    ██║  ██║╚██████╔╝██║ ╚████║██║ ╚████║███████╗██║  ██║
 ╚═════╝ ╚═╝     ╚═╝ ╚════╝ ╚═╝  ╚═╝    ╚═╝  ╚═╝ ╚═════╝ ╚═╝  ╚═══╝╚═╝  ╚═══╝╚══════╝╚═╝  ╚═╝
                                                                                                                                          
    
2022-09-23 15:42:34.044 | SUCCESS  | __main__:main:22 - server started success.        ✔
2022-09-23 15:42:36.695 | INFO     | gm_api_automation.middleware.LogMiddleware:process_response:92 - POST http://127.0.0.1/createrTestSuits
2022-09-23 15:42:36.695 | INFO     | gm_api_automation.middleware.LogMiddleware:process_response:93 - 请求参数: {'name': '套件名称', 'project': '42', 'cron': '', 'priority': 'p0', 'env': '1', 'case_list': '[1,2,3]', 'state': '执行中', 'desc': '123'}
2022-09-23 15:42:36.696 | INFO     | gm_api_automation.middleware.LogMiddleware:process_response:94 - 响应信息: {"code":400,"message":"项目不存在","success":false,"data":{}}
2022-09-23 15:42:38.157 | INFO     | gm_api_automation.middleware.LogMiddleware:process_response:92 - POST http://127.0.0.1/createrTestSuits
2022-09-23 15:42:38.157 | INFO     | gm_api_automation.middleware.LogMiddleware:process_response:93 - 请求参数: {'name': '套件名称', 'project': '42', 'cron': '', 'priority': 'p0', 'env': '1', 'case_list': '[1,2,3]', 'state': '执行中', 'desc': '123'}
2022-09-23 15:42:38.158 | INFO     | gm_api_automation.middleware.LogMiddleware:process_response:94 - 响应信息: {"code":400,"message":"项目不存在","success":false,"data":{}}
2022-09-23 15:45:05.133 | INFO     | gm_api_automation.middleware.LogMiddleware:process_response:92 - POST http://127.0.0.1/createrTestSuits
2022-09-23 15:45:05.134 | INFO     | gm_api_automation.middleware.LogMiddleware:process_response:93 - 请求参数: {'name': '套件名称', 'project': '', 'cron': '', 'priority': 'p0', 'env': '1', 'case_list': '[1,2,3]', 'state': '执行中', 'desc': '123'}
2022-09-23 15:45:05.134 | INFO     | gm_api_automation.middleware.LogMiddleware:process_response:94 - 响应信息: {"code":400,"message":"该字段不能为 null。","success":false,"data":{}}
2022-09-23 15:47:10.429 | SUCCESS  | __main__:main:14 - 
  ██████╗ ███╗   ███╗     ██╗██╗  ██╗    ██████╗ ██╗   ██╗███╗   ██╗███╗   ██╗███████╗██████╗ 
██╔════╝ ████╗ ████║     ██║██║ ██╔╝    ██╔══██╗██║   ██║████╗  ██║████╗  ██║██╔════╝██╔══██╗
██║  ███╗██╔████╔██║     ██║█████╔╝     ██████╔╝██║   ██║██╔██╗ ██║██╔██╗ ██║█████╗  ██████╔╝
██║   ██║██║╚██╔╝██║██   ██║██╔═██╗     ██╔══██╗██║   ██║██║╚██╗██║██║╚██╗██║██╔══╝  ██╔══██╗
╚██████╔╝██║ ╚═╝ ██║╚█████╔╝██║  ██╗    ██║  ██║╚██████╔╝██║ ╚████║██║ ╚████║███████╗██║  ██║
 ╚═════╝ ╚═╝     ╚═╝ ╚════╝ ╚═╝  ╚═╝    ╚═╝  ╚═╝ ╚═════╝ ╚═╝  ╚═══╝╚═╝  ╚═══╝╚══════╝╚═╝  ╚═╝
                                                                                                                                          
    
2022-09-23 15:47:10.532 | SUCCESS  | __main__:main:22 - server started success.        ✔
2022-09-23 15:47:13.639 | INFO     | gm_api_automation.middleware.LogMiddleware:process_response:92 - POST http://127.0.0.1/createrTestSuits
2022-09-23 15:47:13.639 | INFO     | gm_api_automation.middleware.LogMiddleware:process_response:93 - 请求参数: {'name': '套件名称', 'project': '', 'cron': '', 'priority': 'p0', 'env': '1', 'case_list': '[1,2,3]', 'state': '执行中', 'desc': '123'}
2022-09-23 15:47:13.639 | INFO     | gm_api_automation.middleware.LogMiddleware:process_response:94 - 响应信息: {"code":400,"message":"该字段不能为 null。","success":false,"data":{}}
2022-09-23 15:47:15.331 | INFO     | gm_api_automation.middleware.LogMiddleware:process_response:92 - POST http://127.0.0.1/createrTestSuits
2022-09-23 15:47:15.332 | INFO     | gm_api_automation.middleware.LogMiddleware:process_response:93 - 请求参数: {'name': '套件名称', 'project': '', 'cron': '', 'priority': 'p0', 'env': '1', 'case_list': '[1,2,3]', 'state': '执行中', 'desc': '123'}
2022-09-23 15:47:15.332 | INFO     | gm_api_automation.middleware.LogMiddleware:process_response:94 - 响应信息: {"code":400,"message":"该字段不能为 null。","success":false,"data":{}}
2022-09-23 15:47:32.364 | SUCCESS  | __main__:main:14 - 
  ██████╗ ███╗   ███╗     ██╗██╗  ██╗    ██████╗ ██╗   ██╗███╗   ██╗███╗   ██╗███████╗██████╗ 
██╔════╝ ████╗ ████║     ██║██║ ██╔╝    ██╔══██╗██║   ██║████╗  ██║████╗  ██║██╔════╝██╔══██╗
██║  ███╗██╔████╔██║     ██║█████╔╝     ██████╔╝██║   ██║██╔██╗ ██║██╔██╗ ██║█████╗  ██████╔╝
██║   ██║██║╚██╔╝██║██   ██║██╔═██╗     ██╔══██╗██║   ██║██║╚██╗██║██║╚██╗██║██╔══╝  ██╔══██╗
╚██████╔╝██║ ╚═╝ ██║╚█████╔╝██║  ██╗    ██║  ██║╚██████╔╝██║ ╚████║██║ ╚████║███████╗██║  ██║
 ╚═════╝ ╚═╝     ╚═╝ ╚════╝ ╚═╝  ╚═╝    ╚═╝  ╚═╝ ╚═════╝ ╚═╝  ╚═══╝╚═╝  ╚═══╝╚══════╝╚═╝  ╚═╝
                                                                                                                                          
    
2022-09-23 15:47:32.479 | SUCCESS  | __main__:main:22 - server started success.        ✔
2022-09-23 15:47:35.069 | INFO     | gm_api_automation.middleware.LogMiddleware:process_response:92 - POST http://127.0.0.1/createrTestSuits
2022-09-23 15:47:35.070 | INFO     | gm_api_automation.middleware.LogMiddleware:process_response:93 - 请求参数: {'name': '套件名称', 'project': '', 'cron': '', 'priority': 'p0', 'env': '1', 'case_list': '[1,2,3]', 'state': '执行中', 'desc': '123'}
2022-09-23 15:47:35.070 | INFO     | gm_api_automation.middleware.LogMiddleware:process_response:94 - 响应信息: {"code":400,"message":"项目不能为空","success":false,"data":{}}
2022-09-23 15:47:53.727 | SUCCESS  | __main__:main:14 - 
  ██████╗ ███╗   ███╗     ██╗██╗  ██╗    ██████╗ ██╗   ██╗███╗   ██╗███╗   ██╗███████╗██████╗ 
██╔════╝ ████╗ ████║     ██║██║ ██╔╝    ██╔══██╗██║   ██║████╗  ██║████╗  ██║██╔════╝██╔══██╗
██║  ███╗██╔████╔██║     ██║█████╔╝     ██████╔╝██║   ██║██╔██╗ ██║██╔██╗ ██║█████╗  ██████╔╝
██║   ██║██║╚██╔╝██║██   ██║██╔═██╗     ██╔══██╗██║   ██║██║╚██╗██║██║╚██╗██║██╔══╝  ██╔══██╗
╚██████╔╝██║ ╚═╝ ██║╚█████╔╝██║  ██╗    ██║  ██║╚██████╔╝██║ ╚████║██║ ╚████║███████╗██║  ██║
 ╚═════╝ ╚═╝     ╚═╝ ╚════╝ ╚═╝  ╚═╝    ╚═╝  ╚═╝ ╚═════╝ ╚═╝  ╚═══╝╚═╝  ╚═══╝╚══════╝╚═╝  ╚═╝
                                                                                                                                          
    
2022-09-23 15:47:53.829 | SUCCESS  | __main__:main:22 - server started success.        ✔
2022-09-23 15:47:58.238 | INFO     | gm_api_automation.middleware.LogMiddleware:process_response:92 - POST http://127.0.0.1/createrTestSuits
2022-09-23 15:47:58.238 | INFO     | gm_api_automation.middleware.LogMiddleware:process_response:93 - 请求参数: {'name': '套件名称', 'project': '', 'cron': '', 'priority': 'p0', 'env': '1', 'case_list': '[1,2,3]', 'state': '执行中', 'desc': '123'}
2022-09-23 15:47:58.238 | INFO     | gm_api_automation.middleware.LogMiddleware:process_response:94 - 响应信息: {"code":400,"message":"项目不能为空","success":false,"data":{}}
2022-09-23 15:49:06.973 | SUCCESS  | __main__:main:14 - 
  ██████╗ ███╗   ███╗     ██╗██╗  ██╗    ██████╗ ██╗   ██╗███╗   ██╗███╗   ██╗███████╗██████╗ 
██╔════╝ ████╗ ████║     ██║██║ ██╔╝    ██╔══██╗██║   ██║████╗  ██║████╗  ██║██╔════╝██╔══██╗
██║  ███╗██╔████╔██║     ██║█████╔╝     ██████╔╝██║   ██║██╔██╗ ██║██╔██╗ ██║█████╗  ██████╔╝
██║   ██║██║╚██╔╝██║██   ██║██╔═██╗     ██╔══██╗██║   ██║██║╚██╗██║██║╚██╗██║██╔══╝  ██╔══██╗
╚██████╔╝██║ ╚═╝ ██║╚█████╔╝██║  ██╗    ██║  ██║╚██████╔╝██║ ╚████║██║ ╚████║███████╗██║  ██║
 ╚═════╝ ╚═╝     ╚═╝ ╚════╝ ╚═╝  ╚═╝    ╚═╝  ╚═╝ ╚═════╝ ╚═╝  ╚═══╝╚═╝  ╚═══╝╚══════╝╚═╝  ╚═╝
                                                                                                                                          
    
2022-09-23 15:49:07.070 | SUCCESS  | __main__:main:22 - server started success.        ✔
2022-09-23 15:49:33.955 | INFO     | gm_api_automation.middleware.LogMiddleware:process_response:92 - POST http://127.0.0.1/createrTestSuits
2022-09-23 15:49:33.956 | INFO     | gm_api_automation.middleware.LogMiddleware:process_response:93 - 请求参数: {'name': '套件名称', 'project': '', 'cron': '', 'priority': 'p0', 'env': '1', 'case_list': '[1,2,3]', 'state': '执行中', 'desc': '123'}
2022-09-23 15:49:33.956 | INFO     | gm_api_automation.middleware.LogMiddleware:process_response:94 - 响应信息: {"code":400,"message":"项目不能为空","success":false,"data":{}}
2022-09-23 15:49:40.332 | INFO     | gm_api_automation.middleware.LogMiddleware:process_response:92 - POST http://127.0.0.1/createrTestSuits
2022-09-23 15:49:40.332 | INFO     | gm_api_automation.middleware.LogMiddleware:process_response:93 - 请求参数: {'name': '套件名称', 'project': '大大', 'cron': '', 'priority': 'p0', 'env': '1', 'case_list': '[1,2,3]', 'state': '执行中', 'desc': '123'}
2022-09-23 15:49:40.332 | INFO     | gm_api_automation.middleware.LogMiddleware:process_response:94 - 响应信息: {"code":400,"message":"类型错误。期望为主键，获得的类型为 str。","success":false,"data":{}}
2022-09-23 15:49:54.937 | INFO     | gm_api_automation.middleware.LogMiddleware:process_response:92 - POST http://127.0.0.1/createrTestSuits
2022-09-23 15:49:54.937 | INFO     | gm_api_automation.middleware.LogMiddleware:process_response:93 - 请求参数: {'name': '套件名称', 'project': '12', 'cron': '', 'priority': 'p0', 'env': '1', 'case_list': '[1,2,3]', 'state': '执行中', 'desc': '123'}
2022-09-23 15:49:54.937 | INFO     | gm_api_automation.middleware.LogMiddleware:process_response:94 - 响应信息: {"code":400,"message":"无效主键 “12” － 对象不存在。","success":false,"data":{}}
2022-09-23 15:50:28.875 | INFO     | gm_api_automation.middleware.LogMiddleware:process_response:92 - POST http://127.0.0.1/createrTestSuits
2022-09-23 15:50:28.875 | INFO     | gm_api_automation.middleware.LogMiddleware:process_response:93 - 请求参数: {'name': '', 'project': '43', 'cron': '', 'priority': 'p0', 'env': '1', 'case_list': '[1,2,3]', 'state': '执行中', 'desc': '123'}
2022-09-23 15:50:28.875 | INFO     | gm_api_automation.middleware.LogMiddleware:process_response:94 - 响应信息: {"code":400,"message":"套件名称不能为空","success":false,"data":{}}
2022-09-23 15:50:37.864 | INFO     | gm_api_automation.middleware.LogMiddleware:process_response:92 - POST http://127.0.0.1/createrTestSuits
2022-09-23 15:50:37.864 | INFO     | gm_api_automation.middleware.LogMiddleware:process_response:93 - 请求参数: {'name': '套件名称', 'project': '43', 'cron': '', 'priority': '', 'env': '1', 'case_list': '[1,2,3]', 'state': '执行中', 'desc': '123'}
2022-09-23 15:50:37.865 | INFO     | gm_api_automation.middleware.LogMiddleware:process_response:94 - 响应信息: {"code":400,"message":"该字段不能为空。","success":false,"data":{}}
2022-09-23 15:51:38.877 | SUCCESS  | __main__:main:14 - 
  ██████╗ ███╗   ███╗     ██╗██╗  ██╗    ██████╗ ██╗   ██╗███╗   ██╗███╗   ██╗███████╗██████╗ 
██╔════╝ ████╗ ████║     ██║██║ ██╔╝    ██╔══██╗██║   ██║████╗  ██║████╗  ██║██╔════╝██╔══██╗
██║  ███╗██╔████╔██║     ██║█████╔╝     ██████╔╝██║   ██║██╔██╗ ██║██╔██╗ ██║█████╗  ██████╔╝
██║   ██║██║╚██╔╝██║██   ██║██╔═██╗     ██╔══██╗██║   ██║██║╚██╗██║██║╚██╗██║██╔══╝  ██╔══██╗
╚██████╔╝██║ ╚═╝ ██║╚█████╔╝██║  ██╗    ██║  ██║╚██████╔╝██║ ╚████║██║ ╚████║███████╗██║  ██║
 ╚═════╝ ╚═╝     ╚═╝ ╚════╝ ╚═╝  ╚═╝    ╚═╝  ╚═╝ ╚═════╝ ╚═╝  ╚═══╝╚═╝  ╚═══╝╚══════╝╚═╝  ╚═╝
                                                                                                                                          
    
2022-09-23 15:51:38.996 | SUCCESS  | __main__:main:22 - server started success.        ✔
2022-09-23 15:51:47.980 | INFO     | gm_api_automation.middleware.LogMiddleware:process_response:92 - POST http://127.0.0.1/createrTestSuits
2022-09-23 15:51:47.980 | INFO     | gm_api_automation.middleware.LogMiddleware:process_response:93 - 请求参数: {'name': '套件名称', 'project': '43', 'cron': '', 'priority': '', 'env': '1', 'case_list': '[1,2,3]', 'state': '执行中', 'desc': '123'}
2022-09-23 15:51:47.980 | INFO     | gm_api_automation.middleware.LogMiddleware:process_response:94 - 响应信息: {"code":400,"message":"该字段不能为空。","success":false,"data":{}}
2022-09-23 15:51:49.257 | INFO     | gm_api_automation.middleware.LogMiddleware:process_response:92 - POST http://127.0.0.1/createrTestSuits
2022-09-23 15:51:49.259 | INFO     | gm_api_automation.middleware.LogMiddleware:process_response:93 - 请求参数: {'name': '套件名称', 'project': '43', 'cron': '', 'priority': '', 'env': '1', 'case_list': '[1,2,3]', 'state': '执行中', 'desc': '123'}
2022-09-23 15:51:49.260 | INFO     | gm_api_automation.middleware.LogMiddleware:process_response:94 - 响应信息: {"code":400,"message":"该字段不能为空。","success":false,"data":{}}
2022-09-23 15:55:55.863 | SUCCESS  | __main__:main:14 - 
  ██████╗ ███╗   ███╗     ██╗██╗  ██╗    ██████╗ ██╗   ██╗███╗   ██╗███╗   ██╗███████╗██████╗ 
██╔════╝ ████╗ ████║     ██║██║ ██╔╝    ██╔══██╗██║   ██║████╗  ██║████╗  ██║██╔════╝██╔══██╗
██║  ███╗██╔████╔██║     ██║█████╔╝     ██████╔╝██║   ██║██╔██╗ ██║██╔██╗ ██║█████╗  ██████╔╝
██║   ██║██║╚██╔╝██║██   ██║██╔═██╗     ██╔══██╗██║   ██║██║╚██╗██║██║╚██╗██║██╔══╝  ██╔══██╗
╚██████╔╝██║ ╚═╝ ██║╚█████╔╝██║  ██╗    ██║  ██║╚██████╔╝██║ ╚████║██║ ╚████║███████╗██║  ██║
 ╚═════╝ ╚═╝     ╚═╝ ╚════╝ ╚═╝  ╚═╝    ╚═╝  ╚═╝ ╚═════╝ ╚═╝  ╚═══╝╚═╝  ╚═══╝╚══════╝╚═╝  ╚═╝
                                                                                                                                          
    
2022-09-23 15:55:55.936 | SUCCESS  | __main__:main:22 - server started success.        ✔
2022-09-23 15:56:22.582 | SUCCESS  | __main__:main:14 - 
  ██████╗ ███╗   ███╗     ██╗██╗  ██╗    ██████╗ ██╗   ██╗███╗   ██╗███╗   ██╗███████╗██████╗ 
██╔════╝ ████╗ ████║     ██║██║ ██╔╝    ██╔══██╗██║   ██║████╗  ██║████╗  ██║██╔════╝██╔══██╗
██║  ███╗██╔████╔██║     ██║█████╔╝     ██████╔╝██║   ██║██╔██╗ ██║██╔██╗ ██║█████╗  ██████╔╝
██║   ██║██║╚██╔╝██║██   ██║██╔═██╗     ██╔══██╗██║   ██║██║╚██╗██║██║╚██╗██║██╔══╝  ██╔══██╗
╚██████╔╝██║ ╚═╝ ██║╚█████╔╝██║  ██╗    ██║  ██║╚██████╔╝██║ ╚████║██║ ╚████║███████╗██║  ██║
 ╚═════╝ ╚═╝     ╚═╝ ╚════╝ ╚═╝  ╚═╝    ╚═╝  ╚═╝ ╚═════╝ ╚═╝  ╚═══╝╚═╝  ╚═══╝╚══════╝╚═╝  ╚═╝
                                                                                                                                          
    
2022-09-23 15:56:22.621 | SUCCESS  | __main__:main:22 - server started success.        ✔
2022-09-23 15:56:34.975 | SUCCESS  | __main__:main:14 - 
  ██████╗ ███╗   ███╗     ██╗██╗  ██╗    ██████╗ ██╗   ██╗███╗   ██╗███╗   ██╗███████╗██████╗ 
██╔════╝ ████╗ ████║     ██║██║ ██╔╝    ██╔══██╗██║   ██║████╗  ██║████╗  ██║██╔════╝██╔══██╗
██║  ███╗██╔████╔██║     ██║█████╔╝     ██████╔╝██║   ██║██╔██╗ ██║██╔██╗ ██║█████╗  ██████╔╝
██║   ██║██║╚██╔╝██║██   ██║██╔═██╗     ██╔══██╗██║   ██║██║╚██╗██║██║╚██╗██║██╔══╝  ██╔══██╗
╚██████╔╝██║ ╚═╝ ██║╚█████╔╝██║  ██╗    ██║  ██║╚██████╔╝██║ ╚████║██║ ╚████║███████╗██║  ██║
 ╚═════╝ ╚═╝     ╚═╝ ╚════╝ ╚═╝  ╚═╝    ╚═╝  ╚═╝ ╚═════╝ ╚═╝  ╚═══╝╚═╝  ╚═══╝╚══════╝╚═╝  ╚═╝
                                                                                                                                          
    
2022-09-23 15:56:35.018 | SUCCESS  | __main__:main:22 - server started success.        ✔
2022-09-23 15:56:51.988 | INFO     | gm_api_automation.middleware.LogMiddleware:process_response:92 - POST http://127.0.0.1/createrTestSuits
2022-09-23 15:56:51.988 | INFO     | gm_api_automation.middleware.LogMiddleware:process_response:93 - 请求参数: {'name': '套件名称', 'project': '43', 'cron': '', 'priority': '', 'env': '1', 'case_list': '[1,2,3]', 'state': '执行中', 'desc': '123'}
2022-09-23 15:56:51.990 | INFO     | gm_api_automation.middleware.LogMiddleware:process_response:94 - 响应信息: {"code":400,"message":"该项目下已存在相同名称的套件","success":false,"data":{}}
2022-09-23 15:57:05.742 | INFO     | gm_api_automation.middleware.LogMiddleware:process_response:92 - POST http://127.0.0.1/createrTestSuits
2022-09-23 15:57:05.742 | INFO     | gm_api_automation.middleware.LogMiddleware:process_response:93 - 请求参数: {'name': '套件名称1', 'project': '43', 'cron': '', 'priority': '', 'env': '1', 'case_list': '[1,2,3]', 'state': '执行中', 'desc': '123'}
2022-09-23 15:57:05.743 | INFO     | gm_api_automation.middleware.LogMiddleware:process_response:94 - 响应信息: {"code":200,"message":"测试套件创建成功","success":true,"data":{}}
2022-09-23 16:15:35.203 | INFO     | gm_api_automation.middleware.LogMiddleware:process_response:92 - POST http://127.0.0.1/createrApi
2022-09-23 16:15:35.205 | INFO     | gm_api_automation.middleware.LogMiddleware:process_response:93 - 请求参数: {'host': 'https://www.baidu.com', 'name': '测试断言14', 'request_method': 'post', 'request_type': '', 'request_headers': '', 'body': '{"loginAccount": "17621525387","loginKey": "541925","loginType": 1,"landingSource": 7}', 'body_type': 'json', 'assert_list': '[{"expected":"3000","actually":"$..code","assert_type":"equal","assert_obj":"response_json"}]', 'case_type': '前置用例', 'tag': '测试', 'desc': '第一个接口', 'url': 'https://gmjk-hcm-test.nhf.cn/api/gm-health-steward-platform/healthSteward/user/wjjGmOpenToken/login', 'developer': '王宋文', 'status': '成功', 'priority': 1, 'directory': '43', 'state': '进行中'}
2022-09-23 16:15:35.207 | INFO     | gm_api_automation.middleware.LogMiddleware:process_response:94 - 响应信息: {"code":400,"message":"该字段不能为空。","success":false,"data":{}}
2022-09-23 16:30:42.386 | INFO     | gm_api_automation.middleware.LogMiddleware:process_response:92 - POST http://127.0.0.1/createrApi
2022-09-23 16:30:42.388 | INFO     | gm_api_automation.middleware.LogMiddleware:process_response:93 - 请求参数: {'host': 'https://www.baidu.com', 'name': '测试断言15', 'request_method': '', 'request_type': 'https', 'request_headers': '', 'body': '{"loginAccount": "17621525387","loginKey": "541925","loginType": 1,"landingSource": 7}', 'body_type': 'json', 'assert_list': '[{"expected":"3000","actually":"$..code","assert_type":"equal","assert_obj":"response_json"}]', 'case_type': '前置用例', 'tag': '测试', 'desc': '第一个接口', 'url': 'https://gmjk-hcm-test.nhf.cn/api/gm-health-steward-platform/healthSteward/user/wjjGmOpenToken/login', 'developer': '王宋文', 'status': '成功', 'priority': 1, 'directory': '43', 'state': '进行中'}
2022-09-23 16:30:42.388 | INFO     | gm_api_automation.middleware.LogMiddleware:process_response:94 - 响应信息: {"code":400,"message":"请求方法不能为空","success":false,"data":{}}
2022-09-23 16:32:46.101 | INFO     | gm_api_automation.middleware.LogMiddleware:process_response:92 - POST http://127.0.0.1/createrTestSuits
2022-09-23 16:32:46.103 | INFO     | gm_api_automation.middleware.LogMiddleware:process_response:93 - 请求参数: {'name': '套件名称1', 'project': '43', 'cron': '', 'env': '1', 'case_list': '[1,2,3]', 'state': '执行中', 'desc': '123'}
2022-09-23 16:32:46.105 | INFO     | gm_api_automation.middleware.LogMiddleware:process_response:94 - 响应信息: {"code":400,"message":"该项目下已存在相同名称的套件","success":false,"data":{}}
2022-09-23 16:32:51.312 | INFO     | gm_api_automation.middleware.LogMiddleware:process_response:92 - POST http://127.0.0.1/createrTestSuits
2022-09-23 16:32:51.313 | INFO     | gm_api_automation.middleware.LogMiddleware:process_response:93 - 请求参数: {'name': '套件名称2', 'project': '43', 'cron': '', 'env': '1', 'case_list': '[1,2,3]', 'state': '执行中', 'desc': '123'}
2022-09-23 16:32:51.313 | INFO     | gm_api_automation.middleware.LogMiddleware:process_response:94 - 响应信息: {"code":200,"message":"测试套件创建成功","success":true,"data":{}}
2022-09-23 16:35:34.823 | SUCCESS  | __main__:main:14 - 
  ██████╗ ███╗   ███╗     ██╗██╗  ██╗    ██████╗ ██╗   ██╗███╗   ██╗███╗   ██╗███████╗██████╗ 
██╔════╝ ████╗ ████║     ██║██║ ██╔╝    ██╔══██╗██║   ██║████╗  ██║████╗  ██║██╔════╝██╔══██╗
██║  ███╗██╔████╔██║     ██║█████╔╝     ██████╔╝██║   ██║██╔██╗ ██║██╔██╗ ██║█████╗  ██████╔╝
██║   ██║██║╚██╔╝██║██   ██║██╔═██╗     ██╔══██╗██║   ██║██║╚██╗██║██║╚██╗██║██╔══╝  ██╔══██╗
╚██████╔╝██║ ╚═╝ ██║╚█████╔╝██║  ██╗    ██║  ██║╚██████╔╝██║ ╚████║██║ ╚████║███████╗██║  ██║
 ╚═════╝ ╚═╝     ╚═╝ ╚════╝ ╚═╝  ╚═╝    ╚═╝  ╚═╝ ╚═════╝ ╚═╝  ╚═══╝╚═╝  ╚═══╝╚══════╝╚═╝  ╚═╝
                                                                                                                                          
    
2022-09-23 16:35:34.981 | SUCCESS  | __main__:main:22 - server started success.        ✔
2022-09-23 17:09:44.753 | SUCCESS  | __main__:main:14 - 
  ██████╗ ███╗   ███╗     ██╗██╗  ██╗    ██████╗ ██╗   ██╗███╗   ██╗███╗   ██╗███████╗██████╗ 
██╔════╝ ████╗ ████║     ██║██║ ██╔╝    ██╔══██╗██║   ██║████╗  ██║████╗  ██║██╔════╝██╔══██╗
██║  ███╗██╔████╔██║     ██║█████╔╝     ██████╔╝██║   ██║██╔██╗ ██║██╔██╗ ██║█████╗  ██████╔╝
██║   ██║██║╚██╔╝██║██   ██║██╔═██╗     ██╔══██╗██║   ██║██║╚██╗██║██║╚██╗██║██╔══╝  ██╔══██╗
╚██████╔╝██║ ╚═╝ ██║╚█████╔╝██║  ██╗    ██║  ██║╚██████╔╝██║ ╚████║██║ ╚████║███████╗██║  ██║
 ╚═════╝ ╚═╝     ╚═╝ ╚════╝ ╚═╝  ╚═╝    ╚═╝  ╚═╝ ╚═════╝ ╚═╝  ╚═══╝╚═╝  ╚═══╝╚══════╝╚═╝  ╚═╝
                                                                                                                                          
    
2022-09-23 17:09:44.909 | SUCCESS  | __main__:main:22 - server started success.        ✔
2022-09-23 17:23:37.580 | INFO     | demos:test:19 - 111
2022-09-23 17:23:37.580 | INFO     | demos:test:19 - 111
2022-09-23 17:24:22.480 | INFO     | demos:test:19 - 失败用例报错为2 != 1
2022-09-23 17:24:22.494 | INFO     | demos:test:19 - 失败用例报错为34 != 1
2022-09-23 17:24:59.309 | INFO     | demos:test:19 - 失败用例报错为2 != 1
2022-09-23 17:24:59.312 | INFO     | demos:test:19 - 失败用例报错为34 != 1
2022-09-23 17:25:29.036 | INFO     | demos:test:19 - 失败用例报错为2 != 1
2022-09-23 17:25:29.039 | INFO     | demos:test:19 - 失败用例报错为34 != 1
2022-09-23 17:48:18.334 | SUCCESS  | __main__:main:14 - 
  ██████╗ ███╗   ███╗     ██╗██╗  ██╗    ██████╗ ██╗   ██╗███╗   ██╗███╗   ██╗███████╗██████╗ 
██╔════╝ ████╗ ████║     ██║██║ ██╔╝    ██╔══██╗██║   ██║████╗  ██║████╗  ██║██╔════╝██╔══██╗
██║  ███╗██╔████╔██║     ██║█████╔╝     ██████╔╝██║   ██║██╔██╗ ██║██╔██╗ ██║█████╗  ██████╔╝
██║   ██║██║╚██╔╝██║██   ██║██╔═██╗     ██╔══██╗██║   ██║██║╚██╗██║██║╚██╗██║██╔══╝  ██╔══██╗
╚██████╔╝██║ ╚═╝ ██║╚█████╔╝██║  ██╗    ██║  ██║╚██████╔╝██║ ╚████║██║ ╚████║███████╗██║  ██║
 ╚═════╝ ╚═╝     ╚═╝ ╚════╝ ╚═╝  ╚═╝    ╚═╝  ╚═╝ ╚═════╝ ╚═╝  ╚═══╝╚═╝  ╚═══╝╚══════╝╚═╝  ╚═╝
                                                                                                                                          
    
2022-09-23 17:48:18.416 | SUCCESS  | __main__:main:22 - server started success.        ✔
2022-09-23 17:56:48.631 | INFO     | gm_api_automation.middleware.LogMiddleware:process_response:92 - POST http://127.0.0.1/createrTestSuits
2022-09-23 17:56:48.632 | INFO     | gm_api_automation.middleware.LogMiddleware:process_response:93 - 请求参数: {'name': '套件名称2', 'project': '43', 'cron': '', 'env': '1', 'case_list': '[1,2,3]', 'state': '执行中', 'desc': '123'}
2022-09-23 17:56:48.632 | INFO     | gm_api_automation.middleware.LogMiddleware:process_response:94 - 响应信息: {"code":400,"message":"环境不存在","success":false,"data":{}}
2022-09-24 10:29:47.294 | INFO     | gm_api_automation.middleware.LogMiddleware:process_response:93 - 请求参数: {'name': '套件名称2', 'project': '43', 'cron': '', 'env': '1', 'case_list': '[1,2,3]', 'state': '执行中', 'desc': '123'}
2022-09-24 10:29:47.294 | INFO     | gm_api_automation.middleware.LogMiddleware:process_response:94 - 响应信息: {"code":400,"message":"环境不存在","success":false,"data":{}}
2022-09-24 10:30:19.194 | INFO     | gm_api_automation.middleware.LogMiddleware:process_response:92 - POST http://127.0.0.1/createrTestSuits
2022-09-24 10:30:19.194 | INFO     | gm_api_automation.middleware.LogMiddleware:process_response:93 - 请求参数: {'name': '套件名称2', 'project': '43', 'cron': '', 'env': '20', 'case_list': '[1,2,3]', 'state': '执行中', 'desc': '123'}
2022-09-24 10:30:19.195 | INFO     | gm_api_automation.middleware.LogMiddleware:process_response:94 - 响应信息: {"code":400,"message":"该项目下已存在相同名称的套件","success":false,"data":{}}
2022-09-24 10:30:39.120 | INFO     | gm_api_automation.middleware.LogMiddleware:process_response:92 - POST http://127.0.0.1/createrTestSuits
2022-09-24 10:30:39.121 | INFO     | gm_api_automation.middleware.LogMiddleware:process_response:93 - 请求参数: {'name': '套件名称3', 'project': '43', 'cron': '', 'env': '20', 'case_list': '', 'state': '执行中', 'desc': '123'}
2022-09-24 10:30:39.121 | INFO     | gm_api_automation.middleware.LogMiddleware:process_response:94 - 响应信息: {"code":400,"message":"用例列表不能为空","success":false,"data":{}}
2022-09-24 10:30:45.817 | INFO     | gm_api_automation.middleware.LogMiddleware:process_response:92 - POST http://127.0.0.1/createrTestSuits
2022-09-24 10:30:45.818 | INFO     | gm_api_automation.middleware.LogMiddleware:process_response:93 - 请求参数: {'name': '套件名称3', 'project': '43', 'cron': '', 'env': '20', 'case_list': '1', 'state': '执行中', 'desc': '123'}
2022-09-24 10:30:45.818 | INFO     | gm_api_automation.middleware.LogMiddleware:process_response:94 - 响应信息: {"code":200,"message":"测试套件创建成功","success":true,"data":{}}
2022-09-24 10:30:58.390 | INFO     | gm_api_automation.middleware.LogMiddleware:process_response:92 - POST http://127.0.0.1/createrTestSuits
2022-09-24 10:30:58.390 | INFO     | gm_api_automation.middleware.LogMiddleware:process_response:93 - 请求参数: {'name': '套件名称3', 'project': '43', 'cron': '', 'env': '20', 'case_list': '1', 'state': '', 'desc': '123'}
2022-09-24 10:30:58.390 | INFO     | gm_api_automation.middleware.LogMiddleware:process_response:94 - 响应信息: {"code":400,"message":"该字段不能为空。","success":false,"data":{}}
